###############################################################################
#
# IAR ELF Linker V8.30.1.114/W32 for ARM                  29/Nov/2018  11:51:20
# Copyright 2007-2018 IAR Systems AB.
#
#    Output file  =  D:\work\CorTex\Work_1\EWARM\Work_1\Exe\Work_1.out
#    Map file     =  D:\work\CorTex\Work_1\EWARM\Work_1\List\Work_1.map
#    Command line =  
#        -f C:\Users\KMG\AppData\Local\Temp\EWE45E.tmp
#        (D:\work\CorTex\Work_1\EWARM\Work_1\Obj\main.o
#        D:\work\CorTex\Work_1\EWARM\Work_1\Obj\startup_stm32f103xe.o
#        D:\work\CorTex\Work_1\EWARM\Work_1\Obj\stm32f1xx_hal.o
#        D:\work\CorTex\Work_1\EWARM\Work_1\Obj\stm32f1xx_hal_adc.o
#        D:\work\CorTex\Work_1\EWARM\Work_1\Obj\stm32f1xx_hal_adc_ex.o
#        D:\work\CorTex\Work_1\EWARM\Work_1\Obj\stm32f1xx_hal_cortex.o
#        D:\work\CorTex\Work_1\EWARM\Work_1\Obj\stm32f1xx_hal_dma.o
#        D:\work\CorTex\Work_1\EWARM\Work_1\Obj\stm32f1xx_hal_flash.o
#        D:\work\CorTex\Work_1\EWARM\Work_1\Obj\stm32f1xx_hal_flash_ex.o
#        D:\work\CorTex\Work_1\EWARM\Work_1\Obj\stm32f1xx_hal_gpio.o
#        D:\work\CorTex\Work_1\EWARM\Work_1\Obj\stm32f1xx_hal_gpio_ex.o
#        D:\work\CorTex\Work_1\EWARM\Work_1\Obj\stm32f1xx_hal_msp.o
#        D:\work\CorTex\Work_1\EWARM\Work_1\Obj\stm32f1xx_hal_pwr.o
#        D:\work\CorTex\Work_1\EWARM\Work_1\Obj\stm32f1xx_hal_rcc.o
#        D:\work\CorTex\Work_1\EWARM\Work_1\Obj\stm32f1xx_hal_rcc_ex.o
#        D:\work\CorTex\Work_1\EWARM\Work_1\Obj\stm32f1xx_hal_tim.o
#        D:\work\CorTex\Work_1\EWARM\Work_1\Obj\stm32f1xx_hal_tim_ex.o
#        D:\work\CorTex\Work_1\EWARM\Work_1\Obj\stm32f1xx_it.o
#        D:\work\CorTex\Work_1\EWARM\Work_1\Obj\system_stm32f1xx.o --redirect
#        _Printf=_PrintfFull --redirect _Scanf=_ScanfFull --no_out_extension -o
#        D:\work\CorTex\Work_1\EWARM\Work_1\Exe\Work_1.out --map
#        D:\work\CorTex\Work_1\EWARM\Work_1\List\Work_1.map --config
#        D:\work\CorTex\Work_1\EWARM/stm32f103xe_flash.icf --semihosting
#        --entry __iar_program_start --vfe --text_out locale)
#
###############################################################################

*******************************************************************************
*** RUNTIME MODEL ATTRIBUTES
***

CppFlavor       = *
__SystemLibrary = DLib
__dlib_version  = 6


*******************************************************************************
*** HEAP SELECTION
***

The basic heap was selected because some modules are built with
size limitations (and not runtime checking), and --advanced_heap
was not specified.


*******************************************************************************
*** PLACEMENT SUMMARY
***

"A0":  place at 0x800'0000 { ro section .intvec };
"P1":  place in [from 0x800'0000 to 0x807'ffff] { ro };
define block CSTACK with size = 1K, alignment = 8 { };
define block HEAP with size = 512, alignment = 8 { };
"P2":  place in [from 0x2000'0000 to 0x2000'ffff] {
          rw, block CSTACK, block HEAP };
initialize by copy { rw };

  Section            Kind         Address    Size  Object
  -------            ----         -------    ----  ------
"A0":                                       0x130
  .intvec            ro code   0x800'0000   0x130  startup_stm32f103xe.o [1]
                             - 0x800'0130   0x130

"P1":                                      0x15fc
  .text              ro code   0x800'0130   0x4b2  stm32f1xx_hal_rcc.o [1]
  .text              ro code   0x800'05e2    0x3a  zero_init3.o [3]
  .text              ro code   0x800'061c     0xc  stm32f1xx_hal.o [1]
  .text              ro code   0x800'0628    0x40  stm32f1xx_hal.o [1]
  .text              ro code   0x800'0668    0xe2  stm32f1xx_hal_cortex.o [1]
  .text              ro code   0x800'074c   0x46a  stm32f1xx_hal_adc.o [1]
  .text              ro code   0x800'0bb8   0x14c  stm32f1xx_hal_msp.o [1]
  .text              ro code   0x800'0d04   0x31e  stm32f1xx_hal_dma.o [1]
  .text              ro code   0x800'1022     0x2  stm32f1xx_hal_adc.o [1]
  .text              ro code   0x800'1024     0x2  stm32f1xx_hal_adc.o [1]
  .text              ro code   0x800'1026     0x2  stm32f1xx_hal_adc.o [1]
  .text              ro code   0x800'1028   0x1dc  stm32f1xx_hal_gpio.o [1]
  .text              ro code   0x800'1204   0x1ae  main.o [1]
  .text              ro code   0x800'13b4    0x24  stm32f1xx_hal.o [1]
  .text              ro code   0x800'13d8    0xe8  stm32f1xx_hal_rcc_ex.o [1]
  .text              ro code   0x800'14c0    0x5c  system_stm32f1xx.o [1]
  .text              ro code   0x800'151c    0x2c  copy_init3.o [3]
  .text              ro code   0x800'1548    0x28  stm32f1xx_it.o [1]
  .text              ro code   0x800'1570    0x10  stm32f1xx_hal.o [1]
  .text              ro code   0x800'1580    0x28  data_init.o [3]
  .iar.init_table    const     0x800'15a8    0x24  - Linker created -
  .text              ro code   0x800'15cc    0x1e  cmain.o [3]
  .text              ro code   0x800'15ea     0x4  low_level_init.o [2]
  .text              ro code   0x800'15ee     0x4  exit.o [2]
  .text              ro code   0x800'15f4     0xa  cexit.o [3]
  .text              ro code   0x800'1600    0x14  exit.o [4]
  .text              ro code   0x800'1614    0x10  startup_stm32f103xe.o [1]
  Initializer bytes  const     0x800'1624    0x10  <for P2-1>
  .text              ro code   0x800'1634     0xc  cstartup_M.o [3]
  .text              ro code   0x800'1640     0x4  startup_stm32f103xe.o [1]
  .text              ro code   0x800'1644     0x4  startup_stm32f103xe.o [1]
  .text              ro code   0x800'1648     0x4  startup_stm32f103xe.o [1]
  .text              ro code   0x800'164c     0x4  startup_stm32f103xe.o [1]
  .text              ro code   0x800'1650     0x4  startup_stm32f103xe.o [1]
  .text              ro code   0x800'1654     0x4  startup_stm32f103xe.o [1]
  .text              ro code   0x800'1658     0x4  startup_stm32f103xe.o [1]
  .text              ro code   0x800'165c     0x4  startup_stm32f103xe.o [1]
  .text              ro code   0x800'1660     0x4  startup_stm32f103xe.o [1]
  .text              ro code   0x800'1664     0x4  startup_stm32f103xe.o [1]
  .text              ro code   0x800'1668     0x4  startup_stm32f103xe.o [1]
  .text              ro code   0x800'166c     0x4  startup_stm32f103xe.o [1]
  .text              ro code   0x800'1670     0x4  startup_stm32f103xe.o [1]
  .text              ro code   0x800'1674     0x4  startup_stm32f103xe.o [1]
  .text              ro code   0x800'1678     0x4  startup_stm32f103xe.o [1]
  .text              ro code   0x800'167c     0x4  startup_stm32f103xe.o [1]
  .text              ro code   0x800'1680     0x4  startup_stm32f103xe.o [1]
  .text              ro code   0x800'1684     0x4  startup_stm32f103xe.o [1]
  .text              ro code   0x800'1688     0x4  startup_stm32f103xe.o [1]
  .text              ro code   0x800'168c     0x4  startup_stm32f103xe.o [1]
  .text              ro code   0x800'1690     0x4  startup_stm32f103xe.o [1]
  .text              ro code   0x800'1694     0x4  startup_stm32f103xe.o [1]
  .text              ro code   0x800'1698     0x4  startup_stm32f103xe.o [1]
  .text              ro code   0x800'169c     0x4  startup_stm32f103xe.o [1]
  .text              ro code   0x800'16a0     0x4  startup_stm32f103xe.o [1]
  .text              ro code   0x800'16a4     0x4  startup_stm32f103xe.o [1]
  .text              ro code   0x800'16a8     0x4  startup_stm32f103xe.o [1]
  .text              ro code   0x800'16ac     0x4  startup_stm32f103xe.o [1]
  .text              ro code   0x800'16b0     0x4  startup_stm32f103xe.o [1]
  .text              ro code   0x800'16b4     0x4  startup_stm32f103xe.o [1]
  .text              ro code   0x800'16b8     0x4  startup_stm32f103xe.o [1]
  .text              ro code   0x800'16bc     0x4  startup_stm32f103xe.o [1]
  .text              ro code   0x800'16c0     0x4  startup_stm32f103xe.o [1]
  .text              ro code   0x800'16c4     0x4  startup_stm32f103xe.o [1]
  .text              ro code   0x800'16c8     0x4  startup_stm32f103xe.o [1]
  .text              ro code   0x800'16cc     0x4  startup_stm32f103xe.o [1]
  .text              ro code   0x800'16d0     0x4  startup_stm32f103xe.o [1]
  .text              ro code   0x800'16d4     0x4  startup_stm32f103xe.o [1]
  .text              ro code   0x800'16d8     0x4  startup_stm32f103xe.o [1]
  .text              ro code   0x800'16dc     0x4  startup_stm32f103xe.o [1]
  .text              ro code   0x800'16e0     0x4  startup_stm32f103xe.o [1]
  .text              ro code   0x800'16e4     0x4  startup_stm32f103xe.o [1]
  .text              ro code   0x800'16e8     0x4  startup_stm32f103xe.o [1]
  .text              ro code   0x800'16ec     0x4  startup_stm32f103xe.o [1]
  .text              ro code   0x800'16f0     0x4  startup_stm32f103xe.o [1]
  .text              ro code   0x800'16f4     0x4  startup_stm32f103xe.o [1]
  .text              ro code   0x800'16f8     0x4  startup_stm32f103xe.o [1]
  .text              ro code   0x800'16fc     0x4  startup_stm32f103xe.o [1]
  .text              ro code   0x800'1700     0x4  startup_stm32f103xe.o [1]
  .text              ro code   0x800'1704     0x4  startup_stm32f103xe.o [1]
  .text              ro code   0x800'1708     0x4  startup_stm32f103xe.o [1]
  .text              ro code   0x800'170c     0x4  startup_stm32f103xe.o [1]
  .text              ro code   0x800'1710     0x4  startup_stm32f103xe.o [1]
  .text              ro code   0x800'1714     0x4  startup_stm32f103xe.o [1]
  .text              ro code   0x800'1718     0x4  startup_stm32f103xe.o [1]
  .text              ro code   0x800'171c     0x4  startup_stm32f103xe.o [1]
  .text              ro code   0x800'1720     0x4  startup_stm32f103xe.o [1]
  .text              ro code   0x800'1724     0x4  startup_stm32f103xe.o [1]
  .text              ro code   0x800'1728     0x4  startup_stm32f103xe.o [1]
  .rodata            const     0x800'172c     0x0  zero_init3.o [3]
  .rodata            const     0x800'172c     0x0  copy_init3.o [3]
                             - 0x800'172c  0x15fc

"P2", part 1 of 3:                           0x10
  P2-1                        0x2000'0000    0x10  <Init block>
    .data            inited   0x2000'0000     0xc  stm32f1xx_hal.o [1]
    .data            inited   0x2000'000c     0x4  system_stm32f1xx.o [1]
                            - 0x2000'0010    0x10

"P2", part 2 of 3:                           0x74
  .bss               zero     0x2000'0010    0x44  main.o [1]
  .bss               zero     0x2000'0054    0x30  main.o [1]
                            - 0x2000'0084    0x74

"P2", part 3 of 3:                          0x400
  CSTACK                      0x2000'0088   0x400  <Block>
    CSTACK           uninit   0x2000'0088   0x400  <Block tail>
                            - 0x2000'0488   0x400

Unused ranges:

         From           To      Size
         ----           --      ----
   0x800'172c   0x807'ffff  0x7'e8d4
  0x2000'0084  0x2000'0087       0x4
  0x2000'0488  0x2000'ffff    0xfb78


*******************************************************************************
*** INIT TABLE
***

          Address      Size
          -------      ----
Zero (__iar_zero_init3)
    1 destination range, total size 0x74:
          0x2000'0010  0x74

Copy (__iar_copy_init3)
    1 source range, total size 0x10:
           0x800'1624  0x10
    1 destination range, total size 0x10:
          0x2000'0000  0x10



*******************************************************************************
*** MODULE SUMMARY
***

    Module                  ro code  ro data  rw data
    ------                  -------  -------  -------
command line/config:
    -------------------------------------------------
    Total:

D:\work\CorTex\Work_1\EWARM\Work_1\Obj: [1]
    main.o                      430               116
    startup_stm32f103xe.o       556
    stm32f1xx_hal.o             128       12       12
    stm32f1xx_hal_adc.o       1 136
    stm32f1xx_hal_cortex.o      226
    stm32f1xx_hal_dma.o         798
    stm32f1xx_hal_gpio.o        476
    stm32f1xx_hal_msp.o         332
    stm32f1xx_hal_rcc.o       1 202
    stm32f1xx_hal_rcc_ex.o      232
    stm32f1xx_it.o               40
    system_stm32f1xx.o           92        4        4
    -------------------------------------------------
    Total:                    5 648       16      132

dl7M_tlf.a: [2]
    exit.o                        4
    low_level_init.o              4
    -------------------------------------------------
    Total:                        8

rt7M_tl.a: [3]
    cexit.o                      10
    cmain.o                      30
    copy_init3.o                 44
    cstartup_M.o                 12
    data_init.o                  40
    zero_init3.o                 58
    -------------------------------------------------
    Total:                      194

shb_l.a: [4]
    exit.o                       20
    -------------------------------------------------
    Total:                       20

    Gaps                         10
    Linker created                        36    1 024
-----------------------------------------------------
    Grand Total:              5 880       52    1 156


*******************************************************************************
*** ENTRY LIST
***

Entry                       Address   Size  Type      Object
-----                       -------   ----  ----      ------
.iar.init_table$$Base    0x800'15a8          --   Gb  - Linker created -
.iar.init_table$$Limit   0x800'15cc          --   Gb  - Linker created -
?main                    0x800'15cd         Code  Gb  cmain.o [3]
ADC_ConversionStop_Disable
                         0x800'0b0d   0x44  Code  Gb  stm32f1xx_hal_adc.o [1]
ADC_DMAConvCplt          0x800'0b51   0x48  Code  Gb  stm32f1xx_hal_adc.o [1]
ADC_DMAError             0x800'0ba1   0x16  Code  Gb  stm32f1xx_hal_adc.o [1]
ADC_DMAHalfConvCplt      0x800'0b99    0x6  Code  Gb  stm32f1xx_hal_adc.o [1]
ADC_Enable               0x800'0a7b   0x6a  Code  Gb  stm32f1xx_hal_adc.o [1]
AHBPrescTable            0x800'150c   0x10  Data  Gb  system_stm32f1xx.o [1]
BusFault_Handler         0x800'154f    0x2  Code  Gb  stm32f1xx_it.o [1]
CSTACK$$Base            0x2000'0088          --   Gb  - Linker created -
CSTACK$$Limit           0x2000'0488          --   Gb  - Linker created -
DMA1_Channel1_IRQHandler
                         0x800'1567    0x6  Code  Gb  stm32f1xx_it.o [1]
DMA_SetConfig            0x800'1001   0x22  Code  Lc  stm32f1xx_hal_dma.o [1]
DebugMon_Handler         0x800'1555    0x2  Code  Gb  stm32f1xx_it.o [1]
HAL_ADC_ConfigChannel    0x800'097f   0xe4  Code  Gb  stm32f1xx_hal_adc.o [1]
HAL_ADC_Init             0x800'074d  0x110  Code  Gb  stm32f1xx_hal_adc.o [1]
HAL_ADC_MspInit          0x800'0c4d   0x6e  Code  Gb  stm32f1xx_hal_msp.o [1]
HAL_ADC_Start_DMA        0x800'0871  0x102  Code  Gb  stm32f1xx_hal_adc.o [1]
HAL_DMA_IRQHandler       0x800'0e01  0x1bc  Code  Gb  stm32f1xx_hal_dma.o [1]
HAL_DMA_Init             0x800'0d05   0x88  Code  Gb  stm32f1xx_hal_dma.o [1]
HAL_DMA_Start_IT         0x800'0d8d   0x74  Code  Gb  stm32f1xx_hal_dma.o [1]
HAL_GPIO_Init            0x800'1029  0x196  Code  Gb  stm32f1xx_hal_gpio.o [1]
HAL_GPIO_WritePin        0x800'11bf    0x8  Code  Gb  stm32f1xx_hal_gpio.o [1]
HAL_GetTick              0x800'061d    0xc  Code  Wk  stm32f1xx_hal.o [1]
HAL_IncTick              0x800'1571   0x10  Code  Wk  stm32f1xx_hal.o [1]
HAL_Init                 0x800'13b5   0x20  Code  Gb  stm32f1xx_hal.o [1]
HAL_InitTick             0x800'0629   0x40  Code  Wk  stm32f1xx_hal.o [1]
HAL_MspInit              0x800'0bb9   0x92  Code  Gb  stm32f1xx_hal_msp.o [1]
HAL_NVIC_EnableIRQ       0x800'06d7    0xa  Code  Gb  stm32f1xx_hal_cortex.o [1]
HAL_NVIC_SetPriority     0x800'069d   0x3a  Code  Gb  stm32f1xx_hal_cortex.o [1]
HAL_NVIC_SetPriorityGrouping
                         0x800'0683   0x1a  Code  Gb  stm32f1xx_hal_cortex.o [1]
HAL_RCCEx_PeriphCLKConfig
                         0x800'13d9   0xda  Code  Gb  stm32f1xx_hal_rcc_ex.o [1]
HAL_RCC_ClockConfig      0x800'0449  0x10a  Code  Gb  stm32f1xx_hal_rcc.o [1]
HAL_RCC_GetHCLKFreq      0x800'05a3    0x6  Code  Gb  stm32f1xx_hal_rcc.o [1]
HAL_RCC_GetSysClockFreq
                         0x800'0569   0x3a  Code  Gb  stm32f1xx_hal_rcc.o [1]
HAL_RCC_GetSysClockFreq::aPLLMULFactorTable
                         0x800'05d0   0x10  Data  Lc  stm32f1xx_hal_rcc.o [1]
HAL_RCC_GetSysClockFreq::aPredivFactorTable
                         0x800'05e0    0x2  Data  Lc  stm32f1xx_hal_rcc.o [1]
HAL_RCC_OscConfig        0x800'0131  0x310  Code  Gb  stm32f1xx_hal_rcc.o [1]
HAL_SYSTICK_CLKSourceConfig
                         0x800'0713   0x1a  Code  Gb  stm32f1xx_hal_cortex.o [1]
HAL_SYSTICK_Config       0x800'06eb   0x28  Code  Gb  stm32f1xx_hal_cortex.o [1]
HAL_SYSTICK_IRQHandler   0x800'0745    0x4  Code  Gb  stm32f1xx_hal_cortex.o [1]
HardFault_Handler        0x800'154b    0x2  Code  Gb  stm32f1xx_it.o [1]
MemManage_Handler        0x800'154d    0x2  Code  Gb  stm32f1xx_it.o [1]
NMI_Handler              0x800'1549    0x2  Code  Gb  stm32f1xx_it.o [1]
NVIC_SetPriority         0x800'0669   0x1a  Code  Lc  stm32f1xx_hal_cortex.o [1]
PendSV_Handler           0x800'1557    0x2  Code  Gb  stm32f1xx_it.o [1]
Region$$Table$$Base      0x800'15a8          --   Gb  - Linker created -
Region$$Table$$Limit     0x800'15cc          --   Gb  - Linker created -
SVC_Handler              0x800'1553    0x2  Code  Gb  stm32f1xx_it.o [1]
SysTick_Handler          0x800'1559    0xe  Code  Gb  stm32f1xx_it.o [1]
SystemClock_Config       0x800'132d   0x84  Code  Gb  main.o [1]
SystemCoreClock         0x2000'000c    0x4  Data  Gb  system_stm32f1xx.o [1]
SystemInit               0x800'14c1   0x3c  Code  Gb  system_stm32f1xx.o [1]
UsageFault_Handler       0x800'1551    0x2  Code  Gb  stm32f1xx_it.o [1]
_Error_Handler           0x800'13b1    0x2  Code  Gb  main.o [1]
__cmain                  0x800'15cd         Code  Gb  cmain.o [3]
__exit                   0x800'1601   0x14  Code  Gb  exit.o [4]
__iar_copy_init3         0x800'151d   0x2c  Code  Gb  copy_init3.o [3]
__iar_data_init3         0x800'1581   0x28  Code  Gb  data_init.o [3]
__iar_program_start      0x800'1635         Code  Gb  cstartup_M.o [3]
__iar_zero_init3         0x800'05e3   0x3a  Code  Gb  zero_init3.o [3]
__low_level_init         0x800'15eb    0x4  Code  Gb  low_level_init.o [2]
__vector_table           0x800'0000         Data  Gb  startup_stm32f103xe.o [1]
_call_main               0x800'15d9         Code  Gb  cmain.o [3]
_exit                    0x800'15f5         Code  Gb  cexit.o [3]
_main                    0x800'15e7         Code  Gb  cmain.o [3]
exit                     0x800'15ef    0x4  Code  Gb  exit.o [2]
hadc1                   0x2000'0054   0x30  Data  Gb  main.o [1]
hdma_adc1               0x2000'0010   0x44  Data  Gb  main.o [1]
main                     0x800'1205  0x116  Code  Gb  main.o [1]
uwTick                  0x2000'0004    0x4  Data  Gb  stm32f1xx_hal.o [1]
uwTickFreq              0x2000'0000    0x1  Data  Gb  stm32f1xx_hal.o [1]
uwTickPrio              0x2000'0008    0x4  Data  Gb  stm32f1xx_hal.o [1]


[1] = D:\work\CorTex\Work_1\EWARM\Work_1\Obj
[2] = dl7M_tlf.a
[3] = rt7M_tl.a
[4] = shb_l.a

  5 880 bytes of readonly  code memory
     52 bytes of readonly  data memory
  1 156 bytes of readwrite data memory

Errors: none
Warnings: none
