###############################################################################
#
# IAR ELF Linker V8.30.1.114/W32 for ARM                  27/Sep/2018  14:39:30
# Copyright 2007-2018 IAR Systems AB.
#
#    Output file  =  D:\work\CorTex\LCD_2\EWARMv5\Debug\Exe\Project.out
#    Map file     =  D:\work\CorTex\LCD_2\EWARMv5\Debug\List\Project.map
#    Command line =  
#        -f C:\Users\KMG\AppData\Local\Temp\EW44D6.tmp
#        (D:\work\CorTex\LCD_2\EWARMv5\Debug\Obj\cortexm3_macro.o
#        D:\work\CorTex\LCD_2\EWARMv5\Debug\Obj\lcd12864.o
#        D:\work\CorTex\LCD_2\EWARMv5\Debug\Obj\main.o
#        D:\work\CorTex\LCD_2\EWARMv5\Debug\Obj\stm32f10x_adc.o
#        D:\work\CorTex\LCD_2\EWARMv5\Debug\Obj\stm32f10x_bkp.o
#        D:\work\CorTex\LCD_2\EWARMv5\Debug\Obj\stm32f10x_dma.o
#        D:\work\CorTex\LCD_2\EWARMv5\Debug\Obj\stm32f10x_flash.o
#        D:\work\CorTex\LCD_2\EWARMv5\Debug\Obj\stm32f10x_gpio.o
#        D:\work\CorTex\LCD_2\EWARMv5\Debug\Obj\stm32f10x_i2c.o
#        D:\work\CorTex\LCD_2\EWARMv5\Debug\Obj\stm32f10x_it.o
#        D:\work\CorTex\LCD_2\EWARMv5\Debug\Obj\stm32f10x_lib.o
#        D:\work\CorTex\LCD_2\EWARMv5\Debug\Obj\stm32f10x_nvic.o
#        D:\work\CorTex\LCD_2\EWARMv5\Debug\Obj\stm32f10x_pwr.o
#        D:\work\CorTex\LCD_2\EWARMv5\Debug\Obj\stm32f10x_rcc.o
#        D:\work\CorTex\LCD_2\EWARMv5\Debug\Obj\stm32f10x_rtc.o
#        D:\work\CorTex\LCD_2\EWARMv5\Debug\Obj\stm32f10x_spi.o
#        D:\work\CorTex\LCD_2\EWARMv5\Debug\Obj\stm32f10x_systick.o
#        D:\work\CorTex\LCD_2\EWARMv5\Debug\Obj\stm32f10x_tim.o
#        D:\work\CorTex\LCD_2\EWARMv5\Debug\Obj\stm32f10x_usart.o
#        D:\work\CorTex\LCD_2\EWARMv5\Debug\Obj\stm32f10x_vector.o --redirect
#        _Printf=_PrintfFull --redirect _Scanf=_ScanfFull --no_out_extension -o
#        D:\work\CorTex\LCD_2\EWARMv5\Debug\Exe\Project.out --map
#        D:\work\CorTex\LCD_2\EWARMv5\Debug\List\Project.map --config
#        D:\work\CorTex\LCD_2\EWARMv5\stm32f10x_flash.icf --semihosting --entry
#        __iar_program_start --vfe --text_out locale)
#
###############################################################################

*******************************************************************************
*** RUNTIME MODEL ATTRIBUTES
***

CppFlavor       = *
__SystemLibrary = DLib
__dlib_version  = 6


*******************************************************************************
*** HEAP SELECTION
***

The basic heap was selected because some modules are built with
size limitations (and not runtime checking), and --advanced_heap
was not specified.


*******************************************************************************
*** PLACEMENT SUMMARY
***

"A0":  place at 0x800'0000 { ro section .intvec };
"P1":  place in [from 0x800'0000 to 0x807'ffff] { ro };
define block CSTACK with size = 12K, alignment = 8 { };
define block HEAP with size = 4K, alignment = 8 { };
"P2":  place in [from 0x2000'0000 to 0x2000'ffff] {
          rw, block CSTACK, block HEAP };

  Section          Kind         Address    Size  Object
  -------          ----         -------    ----  ------
"A0":                                     0x130
  .intvec          const     0x800'0000   0x130  stm32f10x_vector.o [1]
                           - 0x800'0130   0x130

"P1":                                    0x16d8
  .text            ro code   0x800'0130   0x9a0  lcd12864.o [1]
  .text            ro code   0x800'0ad0    0xc4  stm32f10x_gpio.o [1]
  .text            ro code   0x800'0b94   0x358  main.o [1]
  .text            ro code   0x800'0eec   0x1fc  stm32f10x_rcc.o [1]
  .text            ro code   0x800'10e8   0x154  stm32f10x_usart.o [1]
  .text            ro code   0x800'123c    0xb0  stm32f10x_nvic.o [1]
  .text            ro code   0x800'12ec   0x12c  stm32f10x_adc.o [1]
  .text            ro code   0x800'1418   0x178  stm32f10x_dma.o [1]
  .text            ro code   0x800'1590    0x2c  stm32f10x_flash.o [1]
  .text            ro code   0x800'15bc   0x10a  stm32f10x_it.o [1]
  .text            ro code   0x800'16c6    0x3a  zero_init3.o [3]
  .text            ro code   0x800'1700    0x7a  cortexm3_macro.o [1]
  .text            ro code   0x800'177c    0x28  data_init.o [3]
  .iar.init_table  const     0x800'17a4    0x10  - Linker created -
  .text            ro code   0x800'17b4    0x1e  cmain.o [3]
  .text            ro code   0x800'17d2     0x4  low_level_init.o [2]
  .text            ro code   0x800'17d6     0x4  exit.o [2]
  .text            ro code   0x800'17dc     0xa  cexit.o [3]
  .text            ro code   0x800'17e8    0x14  exit.o [4]
  .text            ro code   0x800'17fc     0xc  cstartup_M.o [3]
  .rodata          const     0x800'1808     0x0  zero_init3.o [3]
                           - 0x800'1808  0x16d8

"P2", part 1 of 2:                         0x3c
  .bss             zero     0x2000'0000    0x38  stm32f10x_it.o [1]
  .bss             zero     0x2000'0038     0x2  main.o [1]
  .bss             zero     0x2000'003a     0x2  stm32f10x_it.o [1]
                          - 0x2000'003c    0x3c

"P2", part 2 of 2:                       0x3000
  CSTACK                    0x2000'0040  0x3000  <Block>
    CSTACK         uninit   0x2000'0040  0x3000  <Block tail>
                          - 0x2000'3040  0x3000

Unused ranges:

         From           To      Size
         ----           --      ----
   0x800'1808   0x807'ffff  0x7'e7f8
  0x2000'003c  0x2000'003f       0x4
  0x2000'3040  0x2000'ffff    0xcfc0


*******************************************************************************
*** INIT TABLE
***

          Address      Size
          -------      ----
Zero (__iar_zero_init3)
    1 destination range, total size 0x3c:
          0x2000'0000  0x3c



*******************************************************************************
*** MODULE SUMMARY
***

    Module              ro code  ro data  rw data
    ------              -------  -------  -------
command line/config:
    ---------------------------------------------
    Total:

D:\work\CorTex\LCD_2\EWARMv5\Debug\Obj: [1]
    cortexm3_macro.o        122
    lcd12864.o            2 464
    main.o                  856                 2
    stm32f10x_adc.o         300
    stm32f10x_dma.o         376
    stm32f10x_flash.o        44
    stm32f10x_gpio.o        196
    stm32f10x_it.o          266                58
    stm32f10x_nvic.o        176
    stm32f10x_rcc.o         508
    stm32f10x_usart.o       340
    stm32f10x_vector.o               304
    ---------------------------------------------
    Total:                5 648      304       60

dl7M_tlf.a: [2]
    exit.o                    4
    low_level_init.o          4
    ---------------------------------------------
    Total:                    8

rt7M_tl.a: [3]
    cexit.o                  10
    cmain.o                  30
    cstartup_M.o             12
    data_init.o              40
    zero_init3.o             58
    ---------------------------------------------
    Total:                  150

shb_l.a: [4]
    exit.o                   20
    ---------------------------------------------
    Total:                   20

    Gaps                      6
    Linker created                    16   12 288
-------------------------------------------------
    Grand Total:          5 832      320   12 348


*******************************************************************************
*** ENTRY LIST
***

Entry                       Address   Size  Type      Object
-----                       -------   ----  ----      ------
.iar.init_table$$Base    0x800'17a4          --   Gb  - Linker created -
.iar.init_table$$Limit   0x800'17b4          --   Gb  - Linker created -
?main                    0x800'17b5         Code  Gb  cmain.o [3]
ADC1_2_IRQHandler        0x800'1685    0x2  Code  Gb  stm32f10x_it.o [1]
ADC3_IRQHandler          0x800'16b3    0x2  Code  Gb  stm32f10x_it.o [1]
ADCConvertedValue       0x2000'0038    0x2  Data  Gb  main.o [1]
ADCPrescTable            0x800'10e4    0x4  Data  Lc  stm32f10x_rcc.o [1]
ADC_Cmd                  0x800'132d   0x12  Code  Gb  stm32f10x_adc.o [1]
ADC_Configuration        0x800'0d53   0x72  Code  Gb  main.o [1]
ADC_DMACmd               0x800'133f   0x12  Code  Gb  stm32f10x_adc.o [1]
ADC_GetCalibrationStatus
                         0x800'136f    0xa  Code  Gb  stm32f10x_adc.o [1]
ADC_GetResetCalibrationStatus
                         0x800'135b    0xa  Code  Gb  stm32f10x_adc.o [1]
ADC_Init                 0x800'12ed   0x40  Code  Gb  stm32f10x_adc.o [1]
ADC_RegularChannelConfig
                         0x800'138b   0x84  Code  Gb  stm32f10x_adc.o [1]
ADC_ResetCalibration     0x800'1351    0xa  Code  Gb  stm32f10x_adc.o [1]
ADC_SoftwareStartConvCmd
                         0x800'1379   0x12  Code  Gb  stm32f10x_adc.o [1]
ADC_StartCalibration     0x800'1365    0xa  Code  Gb  stm32f10x_adc.o [1]
APBAHBPrescTable         0x800'10d4   0x10  Data  Lc  stm32f10x_rcc.o [1]
Buffer_USART1           0x2000'0004   0x34  Data  Gb  stm32f10x_it.o [1]
BusFaultException        0x800'1659    0x2  Code  Gb  stm32f10x_it.o [1]
CAN_RX1_IRQHandler       0x800'168b    0x2  Code  Gb  stm32f10x_it.o [1]
CAN_SCE_IRQHandler       0x800'168d    0x2  Code  Gb  stm32f10x_it.o [1]
CSTACK$$Base            0x2000'0040          --   Gb  - Linker created -
CSTACK$$Limit           0x2000'3040          --   Gb  - Linker created -
DMA1_Channel1_IRQHandler
                         0x800'1631    0xe  Code  Gb  stm32f10x_it.o [1]
DMA1_Channel2_IRQHandler
                         0x800'1679    0x2  Code  Gb  stm32f10x_it.o [1]
DMA1_Channel3_IRQHandler
                         0x800'167b    0x2  Code  Gb  stm32f10x_it.o [1]
DMA1_Channel4_IRQHandler
                         0x800'167d    0x2  Code  Gb  stm32f10x_it.o [1]
DMA1_Channel5_IRQHandler
                         0x800'167f    0x2  Code  Gb  stm32f10x_it.o [1]
DMA1_Channel6_IRQHandler
                         0x800'1681    0x2  Code  Gb  stm32f10x_it.o [1]
DMA1_Channel7_IRQHandler
                         0x800'1683    0x2  Code  Gb  stm32f10x_it.o [1]
DMA1_Configuration       0x800'0dc5   0x58  Code  Gb  main.o [1]
DMA2_Channel1_IRQHandler
                         0x800'16bf    0x2  Code  Gb  stm32f10x_it.o [1]
DMA2_Channel2_IRQHandler
                         0x800'16c1    0x2  Code  Gb  stm32f10x_it.o [1]
DMA2_Channel3_IRQHandler
                         0x800'16c3    0x2  Code  Gb  stm32f10x_it.o [1]
DMA2_Channel4_5_IRQHandler
                         0x800'16c5    0x2  Code  Gb  stm32f10x_it.o [1]
DMA_ClearITPendingBit    0x800'1579   0x10  Code  Gb  stm32f10x_dma.o [1]
DMA_Cmd                  0x800'1551   0x16  Code  Gb  stm32f10x_dma.o [1]
DMA_DeInit               0x800'1419   0xee  Code  Gb  stm32f10x_dma.o [1]
DMA_ITConfig             0x800'1567   0x12  Code  Gb  stm32f10x_dma.o [1]
DMA_Init                 0x800'1507   0x4a  Code  Gb  stm32f10x_dma.o [1]
DebugMonitor             0x800'165d    0x2  Code  Gb  stm32f10x_it.o [1]
Draw_Pic_1               0x800'03d9   0xf2  Code  Gb  lcd12864.o [1]
EXTI0_IRQHandler         0x800'166f    0x2  Code  Gb  stm32f10x_it.o [1]
EXTI15_10_IRQHandler     0x800'16a5    0x2  Code  Gb  stm32f10x_it.o [1]
EXTI1_IRQHandler         0x800'1671    0x2  Code  Gb  stm32f10x_it.o [1]
EXTI2_IRQHandler         0x800'1673    0x2  Code  Gb  stm32f10x_it.o [1]
EXTI3_IRQHandler         0x800'1675    0x2  Code  Gb  stm32f10x_it.o [1]
EXTI4_IRQHandler         0x800'1677    0x2  Code  Gb  stm32f10x_it.o [1]
EXTI9_5_IRQHandler       0x800'168f    0x2  Code  Gb  stm32f10x_it.o [1]
FLASH_IRQHandler         0x800'166b    0x2  Code  Gb  stm32f10x_it.o [1]
FLASH_PrefetchBufferCmd
                         0x800'15a5   0x14  Code  Gb  stm32f10x_flash.o [1]
FLASH_SetLatency         0x800'1591   0x14  Code  Gb  stm32f10x_flash.o [1]
FSMC_IRQHandler          0x800'16b5    0x2  Code  Gb  stm32f10x_it.o [1]
GPIO_Configuration       0x800'0c41   0xa0  Code  Gb  main.o [1]
GPIO_Init                0x800'0ad1   0xbc  Code  Gb  stm32f10x_gpio.o [1]
GPIO_ResetBits           0x800'0b91    0x4  Code  Gb  stm32f10x_gpio.o [1]
GPIO_SetBits             0x800'0b8d    0x4  Code  Gb  stm32f10x_gpio.o [1]
HardFaultException       0x800'1655    0x2  Code  Gb  stm32f10x_it.o [1]
I2C1_ER_IRQHandler       0x800'169d    0x2  Code  Gb  stm32f10x_it.o [1]
I2C1_EV_IRQHandler       0x800'169b    0x2  Code  Gb  stm32f10x_it.o [1]
I2C2_ER_IRQHandler       0x800'16a1    0x2  Code  Gb  stm32f10x_it.o [1]
I2C2_EV_IRQHandler       0x800'169f    0x2  Code  Gb  stm32f10x_it.o [1]
LCD_Init0                0x800'0131   0xea  Code  Gb  lcd12864.o [1]
LCD_Init1                0x800'021b   0xe4  Code  Gb  lcd12864.o [1]
MemManageException       0x800'1657    0x2  Code  Gb  stm32f10x_it.o [1]
NMIException             0x800'1653    0x2  Code  Gb  stm32f10x_it.o [1]
NVIC_Configuration       0x800'0e41   0x2e  Code  Gb  main.o [1]
NVIC_Init                0x800'123d   0x8a  Code  Gb  stm32f10x_nvic.o [1]
NVIC_SetVectorTable      0x800'12c7    0xc  Code  Gb  stm32f10x_nvic.o [1]
PIC1                     0x800'06d0  0x400  Data  Gb  lcd12864.o [1]
PVD_IRQHandler           0x800'1667    0x2  Code  Gb  stm32f10x_it.o [1]
PendSVC                  0x800'1661    0x2  Code  Gb  stm32f10x_it.o [1]
RCC_AHBPeriphClockCmd    0x800'1067   0x14  Code  Gb  stm32f10x_rcc.o [1]
RCC_APB2PeriphClockCmd   0x800'107b   0x14  Code  Gb  stm32f10x_rcc.o [1]
RCC_Configuration        0x800'0e71   0x68  Code  Gb  main.o [1]
RCC_DeInit               0x800'0eed   0x36  Code  Gb  stm32f10x_rcc.o [1]
RCC_GetClocksFreq        0x800'0fd9   0x8e  Code  Gb  stm32f10x_rcc.o [1]
RCC_GetFlagStatus        0x800'108f   0x22  Code  Gb  stm32f10x_rcc.o [1]
RCC_GetSYSCLKSource      0x800'0fa3    0xa  Code  Gb  stm32f10x_rcc.o [1]
RCC_HCLKConfig           0x800'0fad    0xe  Code  Gb  stm32f10x_rcc.o [1]
RCC_HSEConfig            0x800'0f23   0x34  Code  Gb  stm32f10x_rcc.o [1]
RCC_IRQHandler           0x800'166d    0x2  Code  Gb  stm32f10x_it.o [1]
RCC_PCLK1Config          0x800'0fbb    0xe  Code  Gb  stm32f10x_rcc.o [1]
RCC_PCLK2Config          0x800'0fc9   0x10  Code  Gb  stm32f10x_rcc.o [1]
RCC_PLLCmd               0x800'0f8f    0x6  Code  Gb  stm32f10x_rcc.o [1]
RCC_PLLConfig            0x800'0f7f   0x10  Code  Gb  stm32f10x_rcc.o [1]
RCC_SYSCLKConfig         0x800'0f95    0xe  Code  Gb  stm32f10x_rcc.o [1]
RCC_WaitForHSEStartUp    0x800'0f57   0x28  Code  Gb  stm32f10x_rcc.o [1]
RTCAlarm_IRQHandler      0x800'16a7    0x2  Code  Gb  stm32f10x_it.o [1]
RTC_IRQHandler           0x800'1651    0x2  Code  Gb  stm32f10x_it.o [1]
Region$$Table$$Base      0x800'17a4          --   Gb  - Linker created -
Region$$Table$$Limit     0x800'17b4          --   Gb  - Linker created -
SDIO_IRQHandler          0x800'162f    0x2  Code  Gb  stm32f10x_it.o [1]
SPI1_IRQHandler          0x800'16a3    0x2  Code  Gb  stm32f10x_it.o [1]
SPI2_IRQHandler          0x800'162d    0x2  Code  Gb  stm32f10x_it.o [1]
SPI3_IRQHandler          0x800'16b9    0x2  Code  Gb  stm32f10x_it.o [1]
SVCHandler               0x800'165f    0x2  Code  Gb  stm32f10x_it.o [1]
Set_Draw                 0x800'03a1   0x36  Code  Gb  lcd12864.o [1]
SysTickHandler           0x800'1663    0x2  Code  Gb  stm32f10x_it.o [1]
TAMPER_IRQHandler        0x800'1669    0x2  Code  Gb  stm32f10x_it.o [1]
TIM1_BRK_IRQHandler      0x800'1691    0x2  Code  Gb  stm32f10x_it.o [1]
TIM1_CC_IRQHandler       0x800'1697    0x2  Code  Gb  stm32f10x_it.o [1]
TIM1_TRG_COM_IRQHandler
                         0x800'1695    0x2  Code  Gb  stm32f10x_it.o [1]
TIM1_UP_IRQHandler       0x800'1693    0x2  Code  Gb  stm32f10x_it.o [1]
TIM2_IRQHandler          0x800'15bd    0x2  Code  Gb  stm32f10x_it.o [1]
TIM3_IRQHandler          0x800'15bf    0x2  Code  Gb  stm32f10x_it.o [1]
TIM4_IRQHandler          0x800'1699    0x2  Code  Gb  stm32f10x_it.o [1]
TIM5_IRQHandler          0x800'16b7    0x2  Code  Gb  stm32f10x_it.o [1]
TIM6_IRQHandler          0x800'16bb    0x2  Code  Gb  stm32f10x_it.o [1]
TIM7_IRQHandler          0x800'16bd    0x2  Code  Gb  stm32f10x_it.o [1]
TIM8_BRK_IRQHandler      0x800'16ab    0x2  Code  Gb  stm32f10x_it.o [1]
TIM8_CC_IRQHandler       0x800'16b1    0x2  Code  Gb  stm32f10x_it.o [1]
TIM8_TRG_COM_IRQHandler
                         0x800'16af    0x2  Code  Gb  stm32f10x_it.o [1]
TIM8_UP_IRQHandler       0x800'16ad    0x2  Code  Gb  stm32f10x_it.o [1]
UART4_IRQHandler         0x800'1629    0x2  Code  Gb  stm32f10x_it.o [1]
UART5_IRQHandler         0x800'162b    0x2  Code  Gb  stm32f10x_it.o [1]
USART1_Configuration     0x800'0ce1   0x72  Code  Gb  main.o [1]
USART1_IRQHandler        0x800'15c1   0x64  Code  Gb  stm32f10x_it.o [1]
USART1_IRQHandler::usart1_chk
                        0x2000'0002    0x1  Data  Lc  stm32f10x_it.o [1]
USART1_len              0x2000'0001    0x1  Data  Gb  stm32f10x_it.o [1]
USART1_rx_end           0x2000'0000    0x1  Data  Gb  stm32f10x_it.o [1]
USART2_IRQHandler        0x800'1625    0x2  Code  Gb  stm32f10x_it.o [1]
USART3_IRQHandler        0x800'1627    0x2  Code  Gb  stm32f10x_it.o [1]
USART_ClearITPendingBit
                         0x800'122d   0x10  Code  Gb  stm32f10x_usart.o [1]
USART_ClockInit          0x800'1165   0x20  Code  Gb  stm32f10x_usart.o [1]
USART_Cmd                0x800'1185   0x18  Code  Gb  stm32f10x_usart.o [1]
USART_GetFlagStatus      0x800'11df    0xe  Code  Gb  stm32f10x_usart.o [1]
USART_GetITStatus        0x800'11ed   0x40  Code  Gb  stm32f10x_usart.o [1]
USART_ITConfig           0x800'119d   0x32  Code  Gb  stm32f10x_usart.o [1]
USART_Init               0x800'10e9   0x78  Code  Gb  stm32f10x_usart.o [1]
USART_ReceiveData        0x800'11d7    0x8  Code  Gb  stm32f10x_usart.o [1]
USART_SendData           0x800'11cf    0x8  Code  Gb  stm32f10x_usart.o [1]
USBWakeUp_IRQHandler     0x800'16a9    0x2  Code  Gb  stm32f10x_it.o [1]
USB_HP_CAN_TX_IRQHandler
                         0x800'1687    0x2  Code  Gb  stm32f10x_it.o [1]
USB_LP_CAN_RX0_IRQHandler
                         0x800'1689    0x2  Code  Gb  stm32f10x_it.o [1]
UsageFaultException      0x800'165b    0x2  Code  Gb  stm32f10x_it.o [1]
WWDG_IRQHandler          0x800'1665    0x2  Code  Gb  stm32f10x_it.o [1]
W_1byte                  0x800'02ff   0x42  Code  Gb  lcd12864.o [1]
Write_8bits              0x800'0341   0x5c  Code  Gb  lcd12864.o [1]
__BASEPRICONFIG          0x800'1767         Code  Gb  cortexm3_macro.o [1]
__DMB                    0x800'1719         Code  Gb  cortexm3_macro.o [1]
__DSB                    0x800'1713         Code  Gb  cortexm3_macro.o [1]
__GetBASEPRI             0x800'176d         Code  Gb  cortexm3_macro.o [1]
__ISB                    0x800'170d         Code  Gb  cortexm3_macro.o [1]
__MRS_CONTROL            0x800'1723         Code  Gb  cortexm3_macro.o [1]
__MRS_MSP                0x800'173f         Code  Gb  cortexm3_macro.o [1]
__MRS_PSP                0x800'1733         Code  Gb  cortexm3_macro.o [1]
__MSR_CONTROL            0x800'1729         Code  Gb  cortexm3_macro.o [1]
__MSR_MSP                0x800'1745         Code  Gb  cortexm3_macro.o [1]
__MSR_PSP                0x800'1739         Code  Gb  cortexm3_macro.o [1]
__READ_FAULTMASK         0x800'1761         Code  Gb  cortexm3_macro.o [1]
__READ_PRIMASK           0x800'1753         Code  Gb  cortexm3_macro.o [1]
__RESETFAULTMASK         0x800'1759         Code  Gb  cortexm3_macro.o [1]
__RESETPRIMASK           0x800'174b         Code  Gb  cortexm3_macro.o [1]
__REV_HalfWord           0x800'1773         Code  Gb  cortexm3_macro.o [1]
__REV_Word               0x800'1777         Code  Gb  cortexm3_macro.o [1]
__SETFAULTMASK           0x800'175d         Code  Gb  cortexm3_macro.o [1]
__SETPRIMASK             0x800'174f         Code  Gb  cortexm3_macro.o [1]
__SEV                    0x800'1709         Code  Gb  cortexm3_macro.o [1]
__SVC                    0x800'171f         Code  Gb  cortexm3_macro.o [1]
__WFE                    0x800'1705         Code  Gb  cortexm3_macro.o [1]
__WFI                    0x800'1701         Code  Gb  cortexm3_macro.o [1]
__cmain                  0x800'17b5         Code  Gb  cmain.o [3]
__exit                   0x800'17e9   0x14  Code  Gb  exit.o [4]
__iar_data_init3         0x800'177d   0x28  Code  Gb  data_init.o [3]
__iar_program_start      0x800'17fd         Code  Gb  cstartup_M.o [3]
__iar_zero_init3         0x800'16c7   0x3a  Code  Gb  zero_init3.o [3]
__low_level_init         0x800'17d3    0x4  Code  Gb  low_level_init.o [2]
__vector_table           0x800'0000  0x130  Data  Gb  stm32f10x_vector.o [1]
_call_main               0x800'17c1         Code  Gb  cmain.o [3]
_exit                    0x800'17dd         Code  Gb  cexit.o [3]
_main                    0x800'17cf         Code  Gb  cmain.o [3]
adc1_buffer             0x2000'003a    0x2  Data  Gb  stm32f10x_it.o [1]
clear_screen             0x800'04cd  0x12a  Code  Gb  lcd12864.o [1]
delay_ms                 0x800'0bad   0x16  Code  Gb  main.o [1]
delay_us                 0x800'0b95   0x16  Code  Gb  main.o [1]
exit                     0x800'17d7    0x4  Code  Gb  exit.o [2]
lcd12864_gpio_init       0x800'05f9   0x9a  Code  Gb  lcd12864.o [1]
lcd12864_init            0x800'0693   0x34  Code  Gb  lcd12864.o [1]
main                     0x800'0bc5   0x54  Code  Gb  main.o [1]
putstr                   0x800'0c19   0x28  Code  Gb  main.o [1]


[1] = D:\work\CorTex\LCD_2\EWARMv5\Debug\Obj
[2] = dl7M_tlf.a
[3] = rt7M_tl.a
[4] = shb_l.a

   5 832 bytes of readonly  code memory
     320 bytes of readonly  data memory
  12 348 bytes of readwrite data memory

Errors: none
Warnings: none
