###############################################################################
#
# IAR ELF Linker V8.30.1.114/W32 for ARM                  29/Nov/2018  12:23:08
# Copyright 2007-2018 IAR Systems AB.
#
#    Output file  =  D:\work\CorTex\Work_2\EWARM\Work_2\Exe\Work_2.out
#    Map file     =  D:\work\CorTex\Work_2\EWARM\Work_2\List\Work_2.map
#    Command line =  
#        -f C:\Users\KMG\AppData\Local\Temp\EW19.tmp
#        (D:\work\CorTex\Work_2\EWARM\Work_2\Obj\main.o
#        D:\work\CorTex\Work_2\EWARM\Work_2\Obj\startup_stm32f103xe.o
#        D:\work\CorTex\Work_2\EWARM\Work_2\Obj\stm32f1xx_hal.o
#        D:\work\CorTex\Work_2\EWARM\Work_2\Obj\stm32f1xx_hal_adc.o
#        D:\work\CorTex\Work_2\EWARM\Work_2\Obj\stm32f1xx_hal_adc_ex.o
#        D:\work\CorTex\Work_2\EWARM\Work_2\Obj\stm32f1xx_hal_cortex.o
#        D:\work\CorTex\Work_2\EWARM\Work_2\Obj\stm32f1xx_hal_dma.o
#        D:\work\CorTex\Work_2\EWARM\Work_2\Obj\stm32f1xx_hal_flash.o
#        D:\work\CorTex\Work_2\EWARM\Work_2\Obj\stm32f1xx_hal_flash_ex.o
#        D:\work\CorTex\Work_2\EWARM\Work_2\Obj\stm32f1xx_hal_gpio.o
#        D:\work\CorTex\Work_2\EWARM\Work_2\Obj\stm32f1xx_hal_gpio_ex.o
#        D:\work\CorTex\Work_2\EWARM\Work_2\Obj\stm32f1xx_hal_msp.o
#        D:\work\CorTex\Work_2\EWARM\Work_2\Obj\stm32f1xx_hal_pwr.o
#        D:\work\CorTex\Work_2\EWARM\Work_2\Obj\stm32f1xx_hal_rcc.o
#        D:\work\CorTex\Work_2\EWARM\Work_2\Obj\stm32f1xx_hal_rcc_ex.o
#        D:\work\CorTex\Work_2\EWARM\Work_2\Obj\stm32f1xx_hal_tim.o
#        D:\work\CorTex\Work_2\EWARM\Work_2\Obj\stm32f1xx_hal_tim_ex.o
#        D:\work\CorTex\Work_2\EWARM\Work_2\Obj\stm32f1xx_hal_uart.o
#        D:\work\CorTex\Work_2\EWARM\Work_2\Obj\stm32f1xx_it.o
#        D:\work\CorTex\Work_2\EWARM\Work_2\Obj\system_stm32f1xx.o --redirect
#        _Printf=_PrintfFull --redirect _Scanf=_ScanfFull --no_out_extension -o
#        D:\work\CorTex\Work_2\EWARM\Work_2\Exe\Work_2.out --map
#        D:\work\CorTex\Work_2\EWARM\Work_2\List\Work_2.map --config
#        D:\work\CorTex\Work_2\EWARM/stm32f103xe_flash.icf --semihosting
#        --entry __iar_program_start --vfe --text_out locale)
#
###############################################################################

*******************************************************************************
*** RUNTIME MODEL ATTRIBUTES
***

CppFlavor       = *
__SystemLibrary = DLib
__dlib_version  = 6


*******************************************************************************
*** HEAP SELECTION
***

The basic heap was selected because some modules are built with
size limitations (and not runtime checking), and --advanced_heap
was not specified.


*******************************************************************************
*** PLACEMENT SUMMARY
***

"A0":  place at 0x800'0000 { ro section .intvec };
"P1":  place in [from 0x800'0000 to 0x807'ffff] { ro };
define block CSTACK with size = 1K, alignment = 8 { };
define block HEAP with size = 512, alignment = 8 { };
"P2":  place in [from 0x2000'0000 to 0x2000'ffff] {
          rw, block CSTACK, block HEAP };
initialize by copy { rw };

  Section            Kind         Address    Size  Object
  -------            ----         -------    ----  ------
"A0":                                       0x130
  .intvec            ro code   0x800'0000   0x130  startup_stm32f103xe.o [1]
                             - 0x800'0130   0x130

"P1":                                      0x3de5
  .text              ro code   0x800'0130   0xf7a  xprintffull.o [2]
  .text              ro code   0x800'10aa    0x7a  lz77_init_single.o [4]
  .text              ro code   0x800'1124    0x78  xlocale_c.o [2]
  .text              ro code   0x800'119c    0x16  strchr.o [4]
  .text              ro code   0x800'11b2    0x3a  zero_init3.o [4]
  .text              ro code   0x800'11ec    0x40  xfail_s.o [2]
  .text              ro code   0x800'122c    0x36  strlen.o [4]
  .text              ro code   0x800'1262    0x1e  xencoding_8859_1.o [2]
  .text              ro code   0x800'1280    0x58  memchr.o [4]
  .text              ro code   0x800'12d8     0xa  xmbcurmax.o [2]
  .text              ro code   0x800'12e4    0xa6  ABImemcpy.o [4]
  .text              ro code   0x800'138c   0x230  I64DivMod.o [4]
  .text              ro code   0x800'15bc   0x1a2  DblMul.o [3]
  .text              ro code   0x800'1760    0x70  frexp.o [3]
  .text              ro code   0x800'17d0    0x2e  DblCmpLe.o [3]
  .text              ro code   0x800'1800    0x2e  DblCmpGe.o [3]
  .text              ro code   0x800'1830   0x13a  ldexp.o [3]
  .text              ro code   0x800'196c    0x3a  DblToS32.o [3]
  .text              ro code   0x800'19a8    0x22  S32ToDbl.o [3]
  .text              ro code   0x800'19cc    0xe2  DblSub.o [3]
  .text              ro code   0x800'1ab0   0x246  DblDiv.o [3]
  .text              ro code   0x800'1cf8    0x28  DblToU32.o [3]
  .text              ro code   0x800'1d20    0x1a  U32ToDbl.o [3]
  .text              ro code   0x800'1d3a     0x6  abort.o [2]
  .text              ro code   0x800'1d40     0x2  I64DivZer.o [4]
  .text              ro code   0x800'1d44   0x16a  DblAdd.o [3]
  .text              ro code   0x800'1eb0    0x14  exit.o [5]
  .text              ro code   0x800'1ec4   0x4da  stm32f1xx_hal_rcc.o [1]
  .text              ro code   0x800'23a0     0xc  stm32f1xx_hal.o [1]
  .text              ro code   0x800'23ac    0x40  stm32f1xx_hal.o [1]
  .text              ro code   0x800'23ec    0xe2  stm32f1xx_hal_cortex.o [1]
  .text              ro code   0x800'24d0   0x490  stm32f1xx_hal_uart.o [1]
  .text              ro code   0x800'2960   0x1f0  stm32f1xx_hal_msp.o [1]
  .text              ro code   0x800'2b50   0x3fa  stm32f1xx_hal_dma.o [1]
  .text              ro code   0x800'2f4a     0x2  stm32f1xx_hal_uart.o [1]
  .text              ro code   0x800'2f4c     0x2  stm32f1xx_hal_uart.o [1]
  .text              ro code   0x800'2f4e     0x2  stm32f1xx_hal_uart.o [1]
  .text              ro code   0x800'2f50   0x1dc  stm32f1xx_hal_gpio.o [1]
  .text              ro code   0x800'312c   0x324  main.o [1]
  .text              ro code   0x800'3450    0x28  printf.o [2]
  .text              ro code   0x800'3478    0x24  stm32f1xx_hal.o [1]
  .text              ro code   0x800'349c   0x224  stm32f1xx_hal_tim.o [1]
  .text              ro code   0x800'36c0    0x4a  stm32f1xx_hal_tim_ex.o [1]
  .text              ro code   0x800'370c   0x46a  stm32f1xx_hal_adc.o [1]
  .text              ro code   0x800'3b78    0xe8  stm32f1xx_hal_rcc_ex.o [1]
  .text              ro code   0x800'3c60     0x2  stm32f1xx_hal_tim.o [1]
  .text              ro code   0x800'3c62     0x2  stm32f1xx_hal_tim.o [1]
  .text              ro code   0x800'3c64     0x2  stm32f1xx_hal_tim_ex.o [1]
  .text              ro code   0x800'3c66     0x2  stm32f1xx_hal_tim.o [1]
  .text              ro code   0x800'3c68     0x2  stm32f1xx_hal_tim_ex.o [1]
  .text              ro code   0x800'3c6a     0x2  stm32f1xx_hal_tim.o [1]
  .text              ro code   0x800'3c6c     0x2  stm32f1xx_hal_adc.o [1]
  .text              ro code   0x800'3c6e     0x2  stm32f1xx_hal_adc.o [1]
  .text              ro code   0x800'3c70     0x2  stm32f1xx_hal_adc.o [1]
  .text              ro code   0x800'3c74    0x5c  system_stm32f1xx.o [1]
  .text              ro code   0x800'3cd0    0x3c  stm32f1xx_it.o [1]
  .text              ro code   0x800'3d0c    0x10  stm32f1xx_hal.o [1]
  .text              ro code   0x800'3d1c    0x28  data_init.o [4]
  .iar.init_table    const     0x800'3d44    0x20  - Linker created -
  .text              ro code   0x800'3d64    0x1e  cmain.o [4]
  .text              ro code   0x800'3d82     0x4  low_level_init.o [2]
  .text              ro code   0x800'3d86     0x4  exit.o [2]
  .text              ro code   0x800'3d8c     0xa  cexit.o [4]
  .text              ro code   0x800'3d96    0x16  xprout.o [2]
  .text              ro code   0x800'3dac     0xc  putchar.o [2]
  .text              ro code   0x800'3db8    0x10  startup_stm32f103xe.o [1]
  .text              ro code   0x800'3dc8     0xc  cstartup_M.o [4]
  .rodata            const     0x800'3dd4     0x8  system_stm32f1xx.o [1]
  .rodata            const     0x800'3ddc     0x6  xlocale_c.o [2]
  .text              ro code   0x800'3de2     0x4  startup_stm32f103xe.o [1]
  .text              ro code   0x800'3de6     0x4  startup_stm32f103xe.o [1]
  .text              ro code   0x800'3dea     0x4  startup_stm32f103xe.o [1]
  .text              ro code   0x800'3dee     0x4  startup_stm32f103xe.o [1]
  .text              ro code   0x800'3df2     0x4  startup_stm32f103xe.o [1]
  .text              ro code   0x800'3df6     0x4  startup_stm32f103xe.o [1]
  .text              ro code   0x800'3dfa     0x4  startup_stm32f103xe.o [1]
  .text              ro code   0x800'3dfe     0x4  startup_stm32f103xe.o [1]
  .text              ro code   0x800'3e02     0x4  startup_stm32f103xe.o [1]
  .text              ro code   0x800'3e06     0x4  startup_stm32f103xe.o [1]
  .text              ro code   0x800'3e0a     0x4  startup_stm32f103xe.o [1]
  .text              ro code   0x800'3e0e     0x4  startup_stm32f103xe.o [1]
  .text              ro code   0x800'3e12     0x4  startup_stm32f103xe.o [1]
  .text              ro code   0x800'3e16     0x4  startup_stm32f103xe.o [1]
  .text              ro code   0x800'3e1a     0x4  startup_stm32f103xe.o [1]
  .text              ro code   0x800'3e1e     0x4  startup_stm32f103xe.o [1]
  .text              ro code   0x800'3e22     0x4  startup_stm32f103xe.o [1]
  .text              ro code   0x800'3e26     0x4  startup_stm32f103xe.o [1]
  .text              ro code   0x800'3e2a     0x4  startup_stm32f103xe.o [1]
  .text              ro code   0x800'3e2e     0x4  startup_stm32f103xe.o [1]
  .text              ro code   0x800'3e32     0x4  startup_stm32f103xe.o [1]
  .text              ro code   0x800'3e36     0x4  startup_stm32f103xe.o [1]
  .text              ro code   0x800'3e3a     0x4  startup_stm32f103xe.o [1]
  .text              ro code   0x800'3e3e     0x4  startup_stm32f103xe.o [1]
  .text              ro code   0x800'3e42     0x4  startup_stm32f103xe.o [1]
  .text              ro code   0x800'3e46     0x4  startup_stm32f103xe.o [1]
  .text              ro code   0x800'3e4a     0x4  startup_stm32f103xe.o [1]
  .text              ro code   0x800'3e4e     0x4  startup_stm32f103xe.o [1]
  .text              ro code   0x800'3e52     0x4  startup_stm32f103xe.o [1]
  .text              ro code   0x800'3e56     0x4  startup_stm32f103xe.o [1]
  .text              ro code   0x800'3e5a     0x4  startup_stm32f103xe.o [1]
  .text              ro code   0x800'3e5e     0x4  startup_stm32f103xe.o [1]
  .text              ro code   0x800'3e62     0x4  startup_stm32f103xe.o [1]
  .text              ro code   0x800'3e66     0x4  startup_stm32f103xe.o [1]
  .text              ro code   0x800'3e6a     0x4  startup_stm32f103xe.o [1]
  .text              ro code   0x800'3e6e     0x4  startup_stm32f103xe.o [1]
  .text              ro code   0x800'3e72     0x4  startup_stm32f103xe.o [1]
  .text              ro code   0x800'3e76     0x4  startup_stm32f103xe.o [1]
  .text              ro code   0x800'3e7a     0x4  startup_stm32f103xe.o [1]
  .text              ro code   0x800'3e7e     0x4  startup_stm32f103xe.o [1]
  .text              ro code   0x800'3e82     0x4  startup_stm32f103xe.o [1]
  .text              ro code   0x800'3e86     0x4  startup_stm32f103xe.o [1]
  .text              ro code   0x800'3e8a     0x4  startup_stm32f103xe.o [1]
  .text              ro code   0x800'3e8e     0x4  startup_stm32f103xe.o [1]
  .text              ro code   0x800'3e92     0x4  startup_stm32f103xe.o [1]
  .text              ro code   0x800'3e96     0x4  startup_stm32f103xe.o [1]
  .text              ro code   0x800'3e9a     0x4  startup_stm32f103xe.o [1]
  .text              ro code   0x800'3e9e     0x4  startup_stm32f103xe.o [1]
  .text              ro code   0x800'3ea2     0x4  startup_stm32f103xe.o [1]
  .text              ro code   0x800'3ea6     0x4  startup_stm32f103xe.o [1]
  .text              ro code   0x800'3eaa     0x4  startup_stm32f103xe.o [1]
  .text              ro code   0x800'3eae     0x4  startup_stm32f103xe.o [1]
  .text              ro code   0x800'3eb2     0x4  startup_stm32f103xe.o [1]
  .text              ro code   0x800'3eb6     0x4  startup_stm32f103xe.o [1]
  .text              ro code   0x800'3eba     0x4  startup_stm32f103xe.o [1]
  .text              ro code   0x800'3ebe     0x4  startup_stm32f103xe.o [1]
  .text              ro code   0x800'3ec2     0x4  startup_stm32f103xe.o [1]
  .rodata            const     0x800'3ec6     0x0  zero_init3.o [4]
  .rodata            const     0x800'3ec6     0x0  lz77_init_single.o [4]
  Initializer bytes  const     0x800'3ec6    0x4f  <for P2-1>
                             - 0x800'3f15  0x3de5

"P2", part 1 of 3:                           0xd8
  P2-1                        0x2000'0000    0xd8  <Init block>
    .data            inited   0x2000'0000     0xc  stm32f1xx_hal.o [1]
    .data            inited   0x2000'000c     0x4  system_stm32f1xx.o [1]
    .data            inited   0x2000'0010    0x38  xlocale_c.o [2]
    .data            inited   0x2000'0048    0x48  xlocale_c.o [2]
    .data            inited   0x2000'0090    0x48  xfiles.o [2]
                            - 0x2000'00d8    0xd8

"P2", part 2 of 3:                          0x14c
  .bss               zero     0x2000'00d8    0x74  main.o [1]
  .bss               zero     0x2000'014c    0x50  xfiles.o [2]
  .bss               zero     0x2000'019c    0x44  main.o [1]
  .bss               zero     0x2000'01e0    0x40  main.o [1]
  .bss               zero     0x2000'0220     0x4  xfail_s.o [2]
                            - 0x2000'0224   0x14c

"P2", part 3 of 3:                          0x400
  CSTACK                      0x2000'0228   0x400  <Block>
    CSTACK           uninit   0x2000'0228   0x400  <Block tail>
                            - 0x2000'0628   0x400

Unused ranges:

         From           To      Size
         ----           --      ----
   0x800'3f15   0x807'ffff  0x7'c0eb
  0x2000'0224  0x2000'0227       0x4
  0x2000'0628  0x2000'ffff    0xf9d8


*******************************************************************************
*** INIT TABLE
***

          Address      Size
          -------      ----
Zero (__iar_zero_init3)
    1 destination range, total size 0x14c:
          0x2000'00d8  0x14c

Copy/lz77 (__iar_lz77_init_single3)
    1 source range, total size 0x4f (36% of destination):
           0x800'3ec6   0x4f
    1 destination range, total size 0xd8:
          0x2000'0000   0xd8



*******************************************************************************
*** MODULE SUMMARY
***

    Module                  ro code  ro data  rw data
    ------                  -------  -------  -------
command line/config:
    -------------------------------------------------
    Total:

D:\work\CorTex\Work_2\EWARM\Work_2\Obj: [1]
    main.o                      804               248
    startup_stm32f103xe.o       548
    stm32f1xx_hal.o             128        4       12
    stm32f1xx_hal_adc.o       1 136
    stm32f1xx_hal_cortex.o      226
    stm32f1xx_hal_dma.o       1 018
    stm32f1xx_hal_gpio.o        476
    stm32f1xx_hal_msp.o         496
    stm32f1xx_hal_rcc.o       1 242
    stm32f1xx_hal_rcc_ex.o      232
    stm32f1xx_hal_tim.o         556
    stm32f1xx_hal_tim_ex.o       78
    stm32f1xx_hal_uart.o      1 174
    stm32f1xx_it.o               60
    system_stm32f1xx.o           92        9        4
    -------------------------------------------------
    Total:                    8 266       13      264

dl7M_tlf.a: [2]
    abort.o                       6
    exit.o                        4
    low_level_init.o              4
    printf.o                     40
    putchar.o                    12
    xencoding_8859_1.o           30
    xfail_s.o                    64                 4
    xfiles.o                              27      152
    xlocale_c.o                 120       53      128
    xmbcurmax.o                  10
    xprintffull.o             3 962
    xprout.o                     22
    -------------------------------------------------
    Total:                    4 274       80      284

m7M_tl.a: [3]
    DblAdd.o                    362
    DblCmpGe.o                   46
    DblCmpLe.o                   46
    DblDiv.o                    582
    DblMul.o                    418
    DblSub.o                    226
    DblToS32.o                   58
    DblToU32.o                   40
    S32ToDbl.o                   34
    U32ToDbl.o                   26
    frexp.o                     112
    ldexp.o                     314
    -------------------------------------------------
    Total:                    2 264

rt7M_tl.a: [4]
    ABImemcpy.o                 166
    I64DivMod.o                 560
    I64DivZer.o                   2
    cexit.o                      10
    cmain.o                      30
    cstartup_M.o                 12
    data_init.o                  40
    lz77_init_single.o          122
    memchr.o                     88
    strchr.o                     22
    strlen.o                     54
    zero_init3.o                 58
    -------------------------------------------------
    Total:                    1 164

shb_l.a: [5]
    exit.o                       20
    -------------------------------------------------
    Total:                       20

    Gaps                         36
    Linker created                        32    1 024
-----------------------------------------------------
    Grand Total:             16 024      125    1 572


*******************************************************************************
*** ENTRY LIST
***

Entry                       Address   Size  Type      Object
-----                       -------   ----  ----      ------
.iar.init_table$$Base    0x800'3d44          --   Gb  - Linker created -
.iar.init_table$$Limit   0x800'3d64          --   Gb  - Linker created -
?main                    0x800'3d65         Code  Gb  cmain.o [4]
ADC_ConversionStop_Disable
                         0x800'3acd   0x44  Code  Gb  stm32f1xx_hal_adc.o [1]
ADC_DMAConvCplt          0x800'3b11   0x48  Code  Gb  stm32f1xx_hal_adc.o [1]
ADC_DMAError             0x800'3b61   0x16  Code  Gb  stm32f1xx_hal_adc.o [1]
ADC_DMAHalfConvCplt      0x800'3b59    0x6  Code  Gb  stm32f1xx_hal_adc.o [1]
ADC_Enable               0x800'3a3b   0x6a  Code  Gb  stm32f1xx_hal_adc.o [1]
AHBPrescTable            0x800'3cc0   0x10  Data  Gb  system_stm32f1xx.o [1]
APBPrescTable            0x800'3dd4    0x8  Data  Gb  system_stm32f1xx.o [1]
BusFault_Handler         0x800'3cd7    0x2  Code  Gb  stm32f1xx_it.o [1]
CSTACK$$Base            0x2000'0228          --   Gb  - Linker created -
CSTACK$$Limit           0x2000'0628          --   Gb  - Linker created -
CacheMore                0x800'1129   0x24  Code  Lc  xlocale_c.o [2]
DMA1_Channel1_IRQHandler
                         0x800'3cef    0x6  Code  Gb  stm32f1xx_it.o [1]
DMA_SetConfig            0x800'2f29   0x22  Code  Lc  stm32f1xx_hal_dma.o [1]
DebugMon_Handler         0x800'3cdd    0x2  Code  Gb  stm32f1xx_it.o [1]
HAL_ADC_ConfigChannel    0x800'393f   0xe4  Code  Gb  stm32f1xx_hal_adc.o [1]
HAL_ADC_Init             0x800'370d  0x110  Code  Gb  stm32f1xx_hal_adc.o [1]
HAL_ADC_MspInit          0x800'29f5   0x6e  Code  Gb  stm32f1xx_hal_msp.o [1]
HAL_ADC_Start_DMA        0x800'3831  0x102  Code  Gb  stm32f1xx_hal_adc.o [1]
HAL_DMA_Abort_IT         0x800'2c4d   0xdc  Code  Gb  stm32f1xx_hal_dma.o [1]
HAL_DMA_IRQHandler       0x800'2d29  0x1bc  Code  Gb  stm32f1xx_hal_dma.o [1]
HAL_DMA_Init             0x800'2b51   0x88  Code  Gb  stm32f1xx_hal_dma.o [1]
HAL_DMA_Start_IT         0x800'2bd9   0x74  Code  Gb  stm32f1xx_hal_dma.o [1]
HAL_GPIO_Init            0x800'2f51  0x196  Code  Gb  stm32f1xx_hal_gpio.o [1]
HAL_GPIO_WritePin        0x800'30e7    0x8  Code  Gb  stm32f1xx_hal_gpio.o [1]
HAL_GetTick              0x800'23a1    0xc  Code  Wk  stm32f1xx_hal.o [1]
HAL_IncTick              0x800'3d0d   0x10  Code  Wk  stm32f1xx_hal.o [1]
HAL_Init                 0x800'3479   0x20  Code  Gb  stm32f1xx_hal.o [1]
HAL_InitTick             0x800'23ad   0x40  Code  Wk  stm32f1xx_hal.o [1]
HAL_MspInit              0x800'2961   0x92  Code  Gb  stm32f1xx_hal_msp.o [1]
HAL_NVIC_EnableIRQ       0x800'245b    0xa  Code  Gb  stm32f1xx_hal_cortex.o [1]
HAL_NVIC_SetPriority     0x800'2421   0x3a  Code  Gb  stm32f1xx_hal_cortex.o [1]
HAL_NVIC_SetPriorityGrouping
                         0x800'2407   0x1a  Code  Gb  stm32f1xx_hal_cortex.o [1]
HAL_RCCEx_PeriphCLKConfig
                         0x800'3b79   0xda  Code  Gb  stm32f1xx_hal_rcc_ex.o [1]
HAL_RCC_ClockConfig      0x800'21dd  0x10a  Code  Gb  stm32f1xx_hal_rcc.o [1]
HAL_RCC_GetHCLKFreq      0x800'2337    0x6  Code  Gb  stm32f1xx_hal_rcc.o [1]
HAL_RCC_GetPCLK1Freq     0x800'233d   0x10  Code  Gb  stm32f1xx_hal_rcc.o [1]
HAL_RCC_GetPCLK2Freq     0x800'234d    0xe  Code  Gb  stm32f1xx_hal_rcc.o [1]
HAL_RCC_GetSysClockFreq
                         0x800'22fd   0x3a  Code  Gb  stm32f1xx_hal_rcc.o [1]
HAL_RCC_GetSysClockFreq::aPLLMULFactorTable
                         0x800'238c   0x10  Data  Lc  stm32f1xx_hal_rcc.o [1]
HAL_RCC_GetSysClockFreq::aPredivFactorTable
                         0x800'239c    0x2  Data  Lc  stm32f1xx_hal_rcc.o [1]
HAL_RCC_OscConfig        0x800'1ec5  0x310  Code  Gb  stm32f1xx_hal_rcc.o [1]
HAL_SYSTICK_CLKSourceConfig
                         0x800'2497   0x1a  Code  Gb  stm32f1xx_hal_cortex.o [1]
HAL_SYSTICK_Config       0x800'246f   0x28  Code  Gb  stm32f1xx_hal_cortex.o [1]
HAL_SYSTICK_IRQHandler   0x800'24c9    0x4  Code  Gb  stm32f1xx_hal_cortex.o [1]
HAL_TIMEx_BreakCallback
                         0x800'3c65    0x2  Code  Wk  stm32f1xx_hal_tim_ex.o [1]
HAL_TIMEx_CommutationCallback
                         0x800'3c69    0x2  Code  Wk  stm32f1xx_hal_tim_ex.o [1]
HAL_TIMEx_MasterConfigSynchronization
                         0x800'36c1   0x4a  Code  Gb  stm32f1xx_hal_tim_ex.o [1]
HAL_TIM_Base_Init        0x800'349d   0x1a  Code  Gb  stm32f1xx_hal_tim.o [1]
HAL_TIM_Base_MspInit     0x800'2a63   0x34  Code  Gb  stm32f1xx_hal_msp.o [1]
HAL_TIM_Base_Start_IT    0x800'34b7   0x16  Code  Gb  stm32f1xx_hal_tim.o [1]
HAL_TIM_IRQHandler       0x800'34f1  0x142  Code  Gb  stm32f1xx_hal_tim.o [1]
HAL_TIM_PeriodElapsedCallback
                         0x800'3145   0x6e  Code  Gb  main.o [1]
HAL_UART_IRQHandler      0x800'2607  0x14e  Code  Gb  stm32f1xx_hal_uart.o [1]
HAL_UART_Init            0x800'24d1   0x1e  Code  Gb  stm32f1xx_hal_uart.o [1]
HAL_UART_MspInit         0x800'2a97   0x62  Code  Gb  stm32f1xx_hal_msp.o [1]
HAL_UART_Transmit        0x800'2547   0xac  Code  Gb  stm32f1xx_hal_uart.o [1]
HardFault_Handler        0x800'3cd3    0x2  Code  Gb  stm32f1xx_it.o [1]
LoadInt                  0x800'02f3   0x7a  Code  Lc  xprintffull.o [2]
MemManage_Handler        0x800'3cd5    0x2  Code  Gb  stm32f1xx_it.o [1]
NMI_Handler              0x800'3cd1    0x2  Code  Gb  stm32f1xx_it.o [1]
NVIC_SetPriority         0x800'23ed   0x1a  Code  Lc  stm32f1xx_hal_cortex.o [1]
PendSV_Handler           0x800'3cdf    0x2  Code  Gb  stm32f1xx_it.o [1]
Region$$Table$$Base      0x800'3d44          --   Gb  - Linker created -
Region$$Table$$Limit     0x800'3d64          --   Gb  - Linker created -
SVC_Handler              0x800'3cdb    0x2  Code  Gb  stm32f1xx_it.o [1]
SysTick_Handler          0x800'3ce1    0xe  Code  Gb  stm32f1xx_it.o [1]
SystemClock_Config       0x800'33bb   0x84  Code  Gb  main.o [1]
SystemCoreClock         0x2000'000c    0x4  Data  Gb  system_stm32f1xx.o [1]
SystemInit               0x800'3c75   0x3c  Code  Gb  system_stm32f1xx.o [1]
TIM6_IRQHandler          0x800'3cfb    0x6  Code  Gb  stm32f1xx_it.o [1]
TIM_Base_SetConfig       0x800'3639   0x74  Code  Gb  stm32f1xx_hal_tim.o [1]
UART_DMAAbortOnError     0x800'27d5    0xc  Code  Lc  stm32f1xx_hal_uart.o [1]
UART_EndRxTransfer       0x800'27b9   0x1c  Code  Lc  stm32f1xx_hal_uart.o [1]
UART_Receive_IT          0x800'27e1   0x92  Code  Lc  stm32f1xx_hal_uart.o [1]
UART_SetConfig           0x800'2873   0xe4  Code  Lc  stm32f1xx_hal_uart.o [1]
UART_WaitOnFlagUntilTimeout
                         0x800'2755   0x56  Code  Lc  stm32f1xx_hal_uart.o [1]
USART1_IRQHandler        0x800'3cf5    0x6  Code  Gb  stm32f1xx_it.o [1]
UsageFault_Handler       0x800'3cd9    0x2  Code  Gb  stm32f1xx_it.o [1]
_Encoding_8859_1_Mbrlen
                         0x800'1275    0x2  Code  Gb  xencoding_8859_1.o [2]
_Encoding_8859_1_Wctomb
                         0x800'1263   0x12  Code  Gb  xencoding_8859_1.o [2]
_Error_Handler           0x800'343f    0x2  Code  Gb  main.o [1]
_GenldFull               0x800'0d85  0x274  Code  Lc  xprintffull.o [2]
_LdtobFull               0x800'0959  0x400  Code  Lc  xprintffull.o [2]
_LitobFull               0x800'0801  0x112  Code  Lc  xprintffull.o [2]
_Locale_lconv           0x2000'0010   0x38  Data  Lc  xlocale_c.o [2]
_PrintfFull              0x800'0131  0x1aa  Code  Gb  xprintffull.o [2]
_Prout                   0x800'3d97   0x16  Code  Gb  xprout.o [2]
_PutcharsFull            0x800'0ff9   0x2e  Code  Lc  xprintffull.o [2]
_PutfldFull              0x800'036d  0x2d8  Code  Lc  xprintffull.o [2]
_PutstrFull              0x800'073b   0xc6  Code  Lc  xprintffull.o [2]
_PuttxtFull              0x800'0645   0xf6  Code  Lc  xprintffull.o [2]
__aeabi_cdcmple          0x800'17d1         Code  Gb  DblCmpLe.o [3]
__aeabi_cdrcmple         0x800'1801         Code  Gb  DblCmpGe.o [3]
__aeabi_d2iz             0x800'196d         Code  Gb  DblToS32.o [3]
__aeabi_d2uiz            0x800'1cf9         Code  Gb  DblToU32.o [3]
__aeabi_ddiv             0x800'1ab1         Code  Gb  DblDiv.o [3]
__aeabi_dmul             0x800'15bd         Code  Gb  DblMul.o [3]
__aeabi_dsub             0x800'19cd         Code  Gb  DblSub.o [3]
__aeabi_i2d              0x800'19a9         Code  Gb  S32ToDbl.o [3]
__aeabi_ldiv0            0x800'1d41         Code  Gb  I64DivZer.o [4]
__aeabi_memcpy           0x800'12e5         Code  Gb  ABImemcpy.o [4]
__aeabi_memcpy4          0x800'1305         Code  Gb  ABImemcpy.o [4]
__aeabi_memcpy8          0x800'1305         Code  Gb  ABImemcpy.o [4]
__aeabi_ui2d             0x800'1d21         Code  Gb  U32ToDbl.o [3]
__aeabi_uldivmod         0x800'138d         Code  Gb  I64DivMod.o [4]
__cmain                  0x800'3d65         Code  Gb  cmain.o [4]
__exit                   0x800'1eb1   0x14  Code  Gb  exit.o [5]
__iar_Fail_s             0x800'11ed   0x1c  Code  Gb  xfail_s.o [2]
__iar_Mbcurmax           0x800'12d9    0xa  Code  Gb  xmbcurmax.o [2]
__iar_Memchr             0x800'1281         Code  Gb  memchr.o [4]
__iar_Stdout            0x2000'0090   0x48  Data  Gb  xfiles.o [2]
__iar_Strchr             0x800'119d         Code  Gb  strchr.o [4]
__iar_dadd               0x800'19dd         Code  Gb  DblSub.o [3]
__iar_data_init3         0x800'3d1d   0x28  Code  Gb  data_init.o [4]
__iar_dsub               0x800'1d45         Code  Gb  DblAdd.o [3]
__iar_dsubStart          0x800'1d57         Code  Gb  DblAdd.o [3]
__iar_frexp              0x800'176d         Code  Gb  frexp.o [3]
__iar_frexp64            0x800'1761         Code  Gb  frexp.o [3]
__iar_frexpl             0x800'176d         Code  Gb  frexp.o [3]
__iar_globLocale        0x2000'0048   0x48  Data  Lc  xlocale_c.o [2]
__iar_global_Locale      0x800'1125    0x4  Code  Gb  xlocale_c.o [2]
__iar_ldexp64            0x800'1831         Code  Gb  ldexp.o [3]
__iar_lz77_init_single3
                         0x800'10ab   0x7a  Code  Gb  lz77_init_single.o [4]
__iar_program_start      0x800'3dc9         Code  Gb  cstartup_M.o [4]
__iar_scalbln64          0x800'1831         Code  Gb  ldexp.o [3]
__iar_scalbn64           0x800'1831         Code  Gb  ldexp.o [3]
__iar_zero_init3         0x800'11b3   0x3a  Code  Gb  zero_init3.o [4]
__low_level_init         0x800'3d83    0x4  Code  Gb  low_level_init.o [2]
__vector_table           0x800'0000         Data  Gb  startup_stm32f103xe.o [1]
_call_main               0x800'3d71         Code  Gb  cmain.o [4]
_exit                    0x800'3d8d         Code  Gb  cexit.o [4]
_gLocale_mblen           0x800'1189    0x4  Code  Gb  xlocale_c.o [2]
_gLocale_mblenInt        0x800'114d   0x2c  Code  Gb  xlocale_c.o [2]
_gLocale_wctomb          0x800'118d    0x4  Code  Gb  xlocale_c.o [2]
_gLocale_wctombInt       0x800'1185    0x4  Code  Gb  xlocale_c.o [2]
_main                    0x800'3d7f         Code  Gb  cmain.o [4]
abort                    0x800'1d3b    0x6  Code  Gb  abort.o [2]
cnt                     0x2000'00d8    0x1  Data  Gb  main.o [1]
exit                     0x800'3d87    0x4  Code  Gb  exit.o [2]
flag                    0x2000'00d9    0x1  Data  Gb  main.o [1]
fputc                    0x800'312d   0x18  Code  Gb  main.o [1]
frexp                    0x800'1761         Code  Gb  frexp.o [3]
frexpl                   0x800'1761         Code  Gb  frexp.o [3]
hadc1                   0x2000'00dc   0x30  Data  Gb  main.o [1]
hdma_adc1               0x2000'019c   0x44  Data  Gb  main.o [1]
htim6                   0x2000'010c   0x40  Data  Gb  main.o [1]
huart1                  0x2000'01e0   0x40  Data  Gb  main.o [1]
ldexp                    0x800'1831         Code  Gb  ldexp.o [3]
ldexpl                   0x800'1831         Code  Gb  ldexp.o [3]
localeconv               0x800'1191    0x4  Code  Gb  xlocale_c.o [2]
main                     0x800'31bb  0x1cc  Code  Gb  main.o [1]
memchr                   0x800'1281         Code  Gb  memchr.o [4]
obuf                    0x2000'014c   0x50  Data  Lc  xfiles.o [2]
printf                   0x800'3451   0x28  Code  Gb  printf.o [2]
putchar                  0x800'3dad    0xc  Code  Gb  putchar.o [2]
scalbln                  0x800'1831         Code  Gb  ldexp.o [3]
scalblnl                 0x800'1831         Code  Gb  ldexp.o [3]
scalbn                   0x800'1831         Code  Gb  ldexp.o [3]
scalbnl                  0x800'1831         Code  Gb  ldexp.o [3]
scale                    0x800'0913   0x46  Code  Lc  xprintffull.o [2]
sec_hand                0x2000'0220    0x4  Data  Lc  xfail_s.o [2]
strchr                   0x800'119d         Code  Gb  strchr.o [4]
strlen                   0x800'122d         Code  Gb  strlen.o [4]
uwTick                  0x2000'0004    0x4  Data  Gb  stm32f1xx_hal.o [1]
uwTickFreq              0x2000'0000    0x1  Data  Gb  stm32f1xx_hal.o [1]
uwTickPrio              0x2000'0008    0x4  Data  Gb  stm32f1xx_hal.o [1]


[1] = D:\work\CorTex\Work_2\EWARM\Work_2\Obj
[2] = dl7M_tlf.a
[3] = m7M_tl.a
[4] = rt7M_tl.a
[5] = shb_l.a

  16 024 bytes of readonly  code memory
     125 bytes of readonly  data memory
   1 572 bytes of readwrite data memory

Errors: none
Warnings: none
