###############################################################################
#
# IAR ELF Linker V8.30.1.114/W32 for ARM                  27/Sep/2018  13:49:08
# Copyright 2007-2018 IAR Systems AB.
#
#    Output file  =  D:\work\CorTex\LCD_1\EWARMv5\Debug\Exe\Project.out
#    Map file     =  D:\work\CorTex\LCD_1\EWARMv5\Debug\List\Project.map
#    Command line =  
#        -f C:\Users\KMG\AppData\Local\Temp\EW2DD3.tmp
#        (D:\work\CorTex\LCD_1\EWARMv5\Debug\Obj\cortexm3_macro.o
#        D:\work\CorTex\LCD_1\EWARMv5\Debug\Obj\lcd12864.o
#        D:\work\CorTex\LCD_1\EWARMv5\Debug\Obj\main.o
#        D:\work\CorTex\LCD_1\EWARMv5\Debug\Obj\stm32f10x_adc.o
#        D:\work\CorTex\LCD_1\EWARMv5\Debug\Obj\stm32f10x_bkp.o
#        D:\work\CorTex\LCD_1\EWARMv5\Debug\Obj\stm32f10x_dma.o
#        D:\work\CorTex\LCD_1\EWARMv5\Debug\Obj\stm32f10x_flash.o
#        D:\work\CorTex\LCD_1\EWARMv5\Debug\Obj\stm32f10x_gpio.o
#        D:\work\CorTex\LCD_1\EWARMv5\Debug\Obj\stm32f10x_i2c.o
#        D:\work\CorTex\LCD_1\EWARMv5\Debug\Obj\stm32f10x_it.o
#        D:\work\CorTex\LCD_1\EWARMv5\Debug\Obj\stm32f10x_lib.o
#        D:\work\CorTex\LCD_1\EWARMv5\Debug\Obj\stm32f10x_nvic.o
#        D:\work\CorTex\LCD_1\EWARMv5\Debug\Obj\stm32f10x_pwr.o
#        D:\work\CorTex\LCD_1\EWARMv5\Debug\Obj\stm32f10x_rcc.o
#        D:\work\CorTex\LCD_1\EWARMv5\Debug\Obj\stm32f10x_rtc.o
#        D:\work\CorTex\LCD_1\EWARMv5\Debug\Obj\stm32f10x_spi.o
#        D:\work\CorTex\LCD_1\EWARMv5\Debug\Obj\stm32f10x_systick.o
#        D:\work\CorTex\LCD_1\EWARMv5\Debug\Obj\stm32f10x_tim.o
#        D:\work\CorTex\LCD_1\EWARMv5\Debug\Obj\stm32f10x_usart.o
#        D:\work\CorTex\LCD_1\EWARMv5\Debug\Obj\stm32f10x_vector.o --redirect
#        _Printf=_PrintfFull --redirect _Scanf=_ScanfFull --no_out_extension -o
#        D:\work\CorTex\LCD_1\EWARMv5\Debug\Exe\Project.out --map
#        D:\work\CorTex\LCD_1\EWARMv5\Debug\List\Project.map --config
#        D:\work\CorTex\LCD_1\EWARMv5\stm32f10x_flash.icf --semihosting --entry
#        __iar_program_start --vfe --text_out locale)
#
###############################################################################

*******************************************************************************
*** RUNTIME MODEL ATTRIBUTES
***

CppFlavor       = *
__SystemLibrary = DLib
__dlib_version  = 6


*******************************************************************************
*** HEAP SELECTION
***

The basic heap was selected because some modules are built with
size limitations (and not runtime checking), and --advanced_heap
was not specified.


*******************************************************************************
*** PLACEMENT SUMMARY
***

"A0":  place at 0x800'0000 { ro section .intvec };
"P1":  place in [from 0x800'0000 to 0x807'ffff] { ro };
define block CSTACK with size = 12K, alignment = 8 { };
define block HEAP with size = 4K, alignment = 8 { };
"P2":  place in [from 0x2000'0000 to 0x2000'ffff] {
          rw, block CSTACK, block HEAP };

  Section          Kind         Address    Size  Object
  -------          ----         -------    ----  ------
"A0":                                     0x130
  .intvec          const     0x800'0000   0x130  stm32f10x_vector.o [1]
                           - 0x800'0130   0x130

"P1":                                    0x124c
  .text            ro code   0x800'0130   0x50c  lcd12864.o [1]
  .text            ro code   0x800'063c    0xc4  stm32f10x_gpio.o [1]
  .text            ro code   0x800'0700   0x360  main.o [1]
  .text            ro code   0x800'0a60   0x1fc  stm32f10x_rcc.o [1]
  .text            ro code   0x800'0c5c   0x154  stm32f10x_usart.o [1]
  .text            ro code   0x800'0db0    0xb0  stm32f10x_nvic.o [1]
  .text            ro code   0x800'0e60   0x12c  stm32f10x_adc.o [1]
  .text            ro code   0x800'0f8c   0x178  stm32f10x_dma.o [1]
  .text            ro code   0x800'1104    0x2c  stm32f10x_flash.o [1]
  .text            ro code   0x800'1130   0x10a  stm32f10x_it.o [1]
  .text            ro code   0x800'123a    0x3a  zero_init3.o [3]
  .text            ro code   0x800'1274    0x7a  cortexm3_macro.o [1]
  .text            ro code   0x800'12f0    0x28  data_init.o [3]
  .iar.init_table  const     0x800'1318    0x10  - Linker created -
  .text            ro code   0x800'1328    0x1e  cmain.o [3]
  .text            ro code   0x800'1346     0x4  low_level_init.o [2]
  .text            ro code   0x800'134a     0x4  exit.o [2]
  .text            ro code   0x800'1350     0xa  cexit.o [3]
  .text            ro code   0x800'135c    0x14  exit.o [4]
  .text            ro code   0x800'1370     0xc  cstartup_M.o [3]
  .rodata          const     0x800'137c     0x0  zero_init3.o [3]
                           - 0x800'137c  0x124c

"P2", part 1 of 2:                         0x3c
  .bss             zero     0x2000'0000    0x38  stm32f10x_it.o [1]
  .bss             zero     0x2000'0038     0x2  main.o [1]
  .bss             zero     0x2000'003a     0x2  stm32f10x_it.o [1]
                          - 0x2000'003c    0x3c

"P2", part 2 of 2:                       0x3000
  CSTACK                    0x2000'0040  0x3000  <Block>
    CSTACK         uninit   0x2000'0040  0x3000  <Block tail>
                          - 0x2000'3040  0x3000

Unused ranges:

         From           To      Size
         ----           --      ----
   0x800'137c   0x807'ffff  0x7'ec84
  0x2000'003c  0x2000'003f       0x4
  0x2000'3040  0x2000'ffff    0xcfc0


*******************************************************************************
*** INIT TABLE
***

          Address      Size
          -------      ----
Zero (__iar_zero_init3)
    1 destination range, total size 0x3c:
          0x2000'0000  0x3c



*******************************************************************************
*** MODULE SUMMARY
***

    Module              ro code  ro data  rw data
    ------              -------  -------  -------
command line/config:
    ---------------------------------------------
    Total:

D:\work\CorTex\LCD_1\EWARMv5\Debug\Obj: [1]
    cortexm3_macro.o        122
    lcd12864.o            1 292
    main.o                  864                 2
    stm32f10x_adc.o         300
    stm32f10x_dma.o         376
    stm32f10x_flash.o        44
    stm32f10x_gpio.o        196
    stm32f10x_it.o          266                58
    stm32f10x_nvic.o        176
    stm32f10x_rcc.o         508
    stm32f10x_usart.o       340
    stm32f10x_vector.o               304
    ---------------------------------------------
    Total:                4 484      304       60

dl7M_tlf.a: [2]
    exit.o                    4
    low_level_init.o          4
    ---------------------------------------------
    Total:                    8

rt7M_tl.a: [3]
    cexit.o                  10
    cmain.o                  30
    cstartup_M.o             12
    data_init.o              40
    zero_init3.o             58
    ---------------------------------------------
    Total:                  150

shb_l.a: [4]
    exit.o                   20
    ---------------------------------------------
    Total:                   20

    Gaps                      6
    Linker created                    16   12 288
-------------------------------------------------
    Grand Total:          4 668      320   12 348


*******************************************************************************
*** ENTRY LIST
***

Entry                       Address   Size  Type      Object
-----                       -------   ----  ----      ------
.iar.init_table$$Base    0x800'1318          --   Gb  - Linker created -
.iar.init_table$$Limit   0x800'1328          --   Gb  - Linker created -
?main                    0x800'1329         Code  Gb  cmain.o [3]
ADC1_2_IRQHandler        0x800'11f9    0x2  Code  Gb  stm32f10x_it.o [1]
ADC3_IRQHandler          0x800'1227    0x2  Code  Gb  stm32f10x_it.o [1]
ADCConvertedValue       0x2000'0038    0x2  Data  Gb  main.o [1]
ADCPrescTable            0x800'0c58    0x4  Data  Lc  stm32f10x_rcc.o [1]
ADC_Cmd                  0x800'0ea1   0x12  Code  Gb  stm32f10x_adc.o [1]
ADC_Configuration        0x800'08c9   0x72  Code  Gb  main.o [1]
ADC_DMACmd               0x800'0eb3   0x12  Code  Gb  stm32f10x_adc.o [1]
ADC_GetCalibrationStatus
                         0x800'0ee3    0xa  Code  Gb  stm32f10x_adc.o [1]
ADC_GetResetCalibrationStatus
                         0x800'0ecf    0xa  Code  Gb  stm32f10x_adc.o [1]
ADC_Init                 0x800'0e61   0x40  Code  Gb  stm32f10x_adc.o [1]
ADC_RegularChannelConfig
                         0x800'0eff   0x84  Code  Gb  stm32f10x_adc.o [1]
ADC_ResetCalibration     0x800'0ec5    0xa  Code  Gb  stm32f10x_adc.o [1]
ADC_SoftwareStartConvCmd
                         0x800'0eed   0x12  Code  Gb  stm32f10x_adc.o [1]
ADC_StartCalibration     0x800'0ed9    0xa  Code  Gb  stm32f10x_adc.o [1]
APBAHBPrescTable         0x800'0c48   0x10  Data  Lc  stm32f10x_rcc.o [1]
Buffer_USART1           0x2000'0004   0x34  Data  Gb  stm32f10x_it.o [1]
BusFaultException        0x800'11cd    0x2  Code  Gb  stm32f10x_it.o [1]
CAN_RX1_IRQHandler       0x800'11ff    0x2  Code  Gb  stm32f10x_it.o [1]
CAN_SCE_IRQHandler       0x800'1201    0x2  Code  Gb  stm32f10x_it.o [1]
CSTACK$$Base            0x2000'0040          --   Gb  - Linker created -
CSTACK$$Limit           0x2000'3040          --   Gb  - Linker created -
DMA1_Channel1_IRQHandler
                         0x800'11a5    0xe  Code  Gb  stm32f10x_it.o [1]
DMA1_Channel2_IRQHandler
                         0x800'11ed    0x2  Code  Gb  stm32f10x_it.o [1]
DMA1_Channel3_IRQHandler
                         0x800'11ef    0x2  Code  Gb  stm32f10x_it.o [1]
DMA1_Channel4_IRQHandler
                         0x800'11f1    0x2  Code  Gb  stm32f10x_it.o [1]
DMA1_Channel5_IRQHandler
                         0x800'11f3    0x2  Code  Gb  stm32f10x_it.o [1]
DMA1_Channel6_IRQHandler
                         0x800'11f5    0x2  Code  Gb  stm32f10x_it.o [1]
DMA1_Channel7_IRQHandler
                         0x800'11f7    0x2  Code  Gb  stm32f10x_it.o [1]
DMA1_Configuration       0x800'093b   0x58  Code  Gb  main.o [1]
DMA2_Channel1_IRQHandler
                         0x800'1233    0x2  Code  Gb  stm32f10x_it.o [1]
DMA2_Channel2_IRQHandler
                         0x800'1235    0x2  Code  Gb  stm32f10x_it.o [1]
DMA2_Channel3_IRQHandler
                         0x800'1237    0x2  Code  Gb  stm32f10x_it.o [1]
DMA2_Channel4_5_IRQHandler
                         0x800'1239    0x2  Code  Gb  stm32f10x_it.o [1]
DMA_ClearITPendingBit    0x800'10ed   0x10  Code  Gb  stm32f10x_dma.o [1]
DMA_Cmd                  0x800'10c5   0x16  Code  Gb  stm32f10x_dma.o [1]
DMA_DeInit               0x800'0f8d   0xee  Code  Gb  stm32f10x_dma.o [1]
DMA_ITConfig             0x800'10db   0x12  Code  Gb  stm32f10x_dma.o [1]
DMA_Init                 0x800'107b   0x4a  Code  Gb  stm32f10x_dma.o [1]
DebugMonitor             0x800'11d1    0x2  Code  Gb  stm32f10x_it.o [1]
EXTI0_IRQHandler         0x800'11e3    0x2  Code  Gb  stm32f10x_it.o [1]
EXTI15_10_IRQHandler     0x800'1219    0x2  Code  Gb  stm32f10x_it.o [1]
EXTI1_IRQHandler         0x800'11e5    0x2  Code  Gb  stm32f10x_it.o [1]
EXTI2_IRQHandler         0x800'11e7    0x2  Code  Gb  stm32f10x_it.o [1]
EXTI3_IRQHandler         0x800'11e9    0x2  Code  Gb  stm32f10x_it.o [1]
EXTI4_IRQHandler         0x800'11eb    0x2  Code  Gb  stm32f10x_it.o [1]
EXTI9_5_IRQHandler       0x800'1203    0x2  Code  Gb  stm32f10x_it.o [1]
FLASH_IRQHandler         0x800'11df    0x2  Code  Gb  stm32f10x_it.o [1]
FLASH_PrefetchBufferCmd
                         0x800'1119   0x14  Code  Gb  stm32f10x_flash.o [1]
FLASH_SetLatency         0x800'1105   0x14  Code  Gb  stm32f10x_flash.o [1]
FSMC_IRQHandler          0x800'1229    0x2  Code  Gb  stm32f10x_it.o [1]
GPIO_Configuration       0x800'07b7   0xa0  Code  Gb  main.o [1]
GPIO_Init                0x800'063d   0xbc  Code  Gb  stm32f10x_gpio.o [1]
GPIO_ResetBits           0x800'06fd    0x4  Code  Gb  stm32f10x_gpio.o [1]
GPIO_SetBits             0x800'06f9    0x4  Code  Gb  stm32f10x_gpio.o [1]
HardFaultException       0x800'11c9    0x2  Code  Gb  stm32f10x_it.o [1]
I2C1_ER_IRQHandler       0x800'1211    0x2  Code  Gb  stm32f10x_it.o [1]
I2C1_EV_IRQHandler       0x800'120f    0x2  Code  Gb  stm32f10x_it.o [1]
I2C2_ER_IRQHandler       0x800'1215    0x2  Code  Gb  stm32f10x_it.o [1]
I2C2_EV_IRQHandler       0x800'1213    0x2  Code  Gb  stm32f10x_it.o [1]
LCD_Init0                0x800'0131   0xec  Code  Gb  lcd12864.o [1]
LCD_Init1                0x800'021d   0xe6  Code  Gb  lcd12864.o [1]
MemManageException       0x800'11cb    0x2  Code  Gb  stm32f10x_it.o [1]
NMIException             0x800'11c7    0x2  Code  Gb  stm32f10x_it.o [1]
NVIC_Configuration       0x800'09b5   0x2e  Code  Gb  main.o [1]
NVIC_Init                0x800'0db1   0x8a  Code  Gb  stm32f10x_nvic.o [1]
NVIC_SetVectorTable      0x800'0e3b    0xc  Code  Gb  stm32f10x_nvic.o [1]
PVD_IRQHandler           0x800'11db    0x2  Code  Gb  stm32f10x_it.o [1]
PendSVC                  0x800'11d5    0x2  Code  Gb  stm32f10x_it.o [1]
RCC_AHBPeriphClockCmd    0x800'0bdb   0x14  Code  Gb  stm32f10x_rcc.o [1]
RCC_APB2PeriphClockCmd   0x800'0bef   0x14  Code  Gb  stm32f10x_rcc.o [1]
RCC_Configuration        0x800'09e5   0x68  Code  Gb  main.o [1]
RCC_DeInit               0x800'0a61   0x36  Code  Gb  stm32f10x_rcc.o [1]
RCC_GetClocksFreq        0x800'0b4d   0x8e  Code  Gb  stm32f10x_rcc.o [1]
RCC_GetFlagStatus        0x800'0c03   0x22  Code  Gb  stm32f10x_rcc.o [1]
RCC_GetSYSCLKSource      0x800'0b17    0xa  Code  Gb  stm32f10x_rcc.o [1]
RCC_HCLKConfig           0x800'0b21    0xe  Code  Gb  stm32f10x_rcc.o [1]
RCC_HSEConfig            0x800'0a97   0x34  Code  Gb  stm32f10x_rcc.o [1]
RCC_IRQHandler           0x800'11e1    0x2  Code  Gb  stm32f10x_it.o [1]
RCC_PCLK1Config          0x800'0b2f    0xe  Code  Gb  stm32f10x_rcc.o [1]
RCC_PCLK2Config          0x800'0b3d   0x10  Code  Gb  stm32f10x_rcc.o [1]
RCC_PLLCmd               0x800'0b03    0x6  Code  Gb  stm32f10x_rcc.o [1]
RCC_PLLConfig            0x800'0af3   0x10  Code  Gb  stm32f10x_rcc.o [1]
RCC_SYSCLKConfig         0x800'0b09    0xe  Code  Gb  stm32f10x_rcc.o [1]
RCC_WaitForHSEStartUp    0x800'0acb   0x28  Code  Gb  stm32f10x_rcc.o [1]
RTCAlarm_IRQHandler      0x800'121b    0x2  Code  Gb  stm32f10x_it.o [1]
RTC_IRQHandler           0x800'11c5    0x2  Code  Gb  stm32f10x_it.o [1]
Region$$Table$$Base      0x800'1318          --   Gb  - Linker created -
Region$$Table$$Limit     0x800'1328          --   Gb  - Linker created -
SDIO_IRQHandler          0x800'11a3    0x2  Code  Gb  stm32f10x_it.o [1]
SPI1_IRQHandler          0x800'1217    0x2  Code  Gb  stm32f10x_it.o [1]
SPI2_IRQHandler          0x800'11a1    0x2  Code  Gb  stm32f10x_it.o [1]
SPI3_IRQHandler          0x800'122d    0x2  Code  Gb  stm32f10x_it.o [1]
SVCHandler               0x800'11d3    0x2  Code  Gb  stm32f10x_it.o [1]
Set_Draw                 0x800'0369   0x36  Code  Gb  lcd12864.o [1]
SysTickHandler           0x800'11d7    0x2  Code  Gb  stm32f10x_it.o [1]
TAMPER_IRQHandler        0x800'11dd    0x2  Code  Gb  stm32f10x_it.o [1]
TIM1_BRK_IRQHandler      0x800'1205    0x2  Code  Gb  stm32f10x_it.o [1]
TIM1_CC_IRQHandler       0x800'120b    0x2  Code  Gb  stm32f10x_it.o [1]
TIM1_TRG_COM_IRQHandler
                         0x800'1209    0x2  Code  Gb  stm32f10x_it.o [1]
TIM1_UP_IRQHandler       0x800'1207    0x2  Code  Gb  stm32f10x_it.o [1]
TIM2_IRQHandler          0x800'1131    0x2  Code  Gb  stm32f10x_it.o [1]
TIM3_IRQHandler          0x800'1133    0x2  Code  Gb  stm32f10x_it.o [1]
TIM4_IRQHandler          0x800'120d    0x2  Code  Gb  stm32f10x_it.o [1]
TIM5_IRQHandler          0x800'122b    0x2  Code  Gb  stm32f10x_it.o [1]
TIM6_IRQHandler          0x800'122f    0x2  Code  Gb  stm32f10x_it.o [1]
TIM7_IRQHandler          0x800'1231    0x2  Code  Gb  stm32f10x_it.o [1]
TIM8_BRK_IRQHandler      0x800'121f    0x2  Code  Gb  stm32f10x_it.o [1]
TIM8_CC_IRQHandler       0x800'1225    0x2  Code  Gb  stm32f10x_it.o [1]
TIM8_TRG_COM_IRQHandler
                         0x800'1223    0x2  Code  Gb  stm32f10x_it.o [1]
TIM8_UP_IRQHandler       0x800'1221    0x2  Code  Gb  stm32f10x_it.o [1]
UART4_IRQHandler         0x800'119d    0x2  Code  Gb  stm32f10x_it.o [1]
UART5_IRQHandler         0x800'119f    0x2  Code  Gb  stm32f10x_it.o [1]
USART1_Configuration     0x800'0857   0x72  Code  Gb  main.o [1]
USART1_IRQHandler        0x800'1135   0x64  Code  Gb  stm32f10x_it.o [1]
USART1_IRQHandler::usart1_chk
                        0x2000'0002    0x1  Data  Lc  stm32f10x_it.o [1]
USART1_len              0x2000'0001    0x1  Data  Gb  stm32f10x_it.o [1]
USART1_rx_end           0x2000'0000    0x1  Data  Gb  stm32f10x_it.o [1]
USART2_IRQHandler        0x800'1199    0x2  Code  Gb  stm32f10x_it.o [1]
USART3_IRQHandler        0x800'119b    0x2  Code  Gb  stm32f10x_it.o [1]
USART_ClearITPendingBit
                         0x800'0da1   0x10  Code  Gb  stm32f10x_usart.o [1]
USART_ClockInit          0x800'0cd9   0x20  Code  Gb  stm32f10x_usart.o [1]
USART_Cmd                0x800'0cf9   0x18  Code  Gb  stm32f10x_usart.o [1]
USART_GetFlagStatus      0x800'0d53    0xe  Code  Gb  stm32f10x_usart.o [1]
USART_GetITStatus        0x800'0d61   0x40  Code  Gb  stm32f10x_usart.o [1]
USART_ITConfig           0x800'0d11   0x32  Code  Gb  stm32f10x_usart.o [1]
USART_Init               0x800'0c5d   0x78  Code  Gb  stm32f10x_usart.o [1]
USART_ReceiveData        0x800'0d4b    0x8  Code  Gb  stm32f10x_usart.o [1]
USART_SendData           0x800'0d43    0x8  Code  Gb  stm32f10x_usart.o [1]
USBWakeUp_IRQHandler     0x800'121d    0x2  Code  Gb  stm32f10x_it.o [1]
USB_HP_CAN_TX_IRQHandler
                         0x800'11fb    0x2  Code  Gb  stm32f10x_it.o [1]
USB_LP_CAN_RX0_IRQHandler
                         0x800'11fd    0x2  Code  Gb  stm32f10x_it.o [1]
UsageFaultException      0x800'11cf    0x2  Code  Gb  stm32f10x_it.o [1]
WWDG_IRQHandler          0x800'11d9    0x2  Code  Gb  stm32f10x_it.o [1]
Write_8bits              0x800'0305   0x60  Code  Gb  lcd12864.o [1]
__BASEPRICONFIG          0x800'12db         Code  Gb  cortexm3_macro.o [1]
__DMB                    0x800'128d         Code  Gb  cortexm3_macro.o [1]
__DSB                    0x800'1287         Code  Gb  cortexm3_macro.o [1]
__GetBASEPRI             0x800'12e1         Code  Gb  cortexm3_macro.o [1]
__ISB                    0x800'1281         Code  Gb  cortexm3_macro.o [1]
__MRS_CONTROL            0x800'1297         Code  Gb  cortexm3_macro.o [1]
__MRS_MSP                0x800'12b3         Code  Gb  cortexm3_macro.o [1]
__MRS_PSP                0x800'12a7         Code  Gb  cortexm3_macro.o [1]
__MSR_CONTROL            0x800'129d         Code  Gb  cortexm3_macro.o [1]
__MSR_MSP                0x800'12b9         Code  Gb  cortexm3_macro.o [1]
__MSR_PSP                0x800'12ad         Code  Gb  cortexm3_macro.o [1]
__READ_FAULTMASK         0x800'12d5         Code  Gb  cortexm3_macro.o [1]
__READ_PRIMASK           0x800'12c7         Code  Gb  cortexm3_macro.o [1]
__RESETFAULTMASK         0x800'12cd         Code  Gb  cortexm3_macro.o [1]
__RESETPRIMASK           0x800'12bf         Code  Gb  cortexm3_macro.o [1]
__REV_HalfWord           0x800'12e7         Code  Gb  cortexm3_macro.o [1]
__REV_Word               0x800'12eb         Code  Gb  cortexm3_macro.o [1]
__SETFAULTMASK           0x800'12d1         Code  Gb  cortexm3_macro.o [1]
__SETPRIMASK             0x800'12c3         Code  Gb  cortexm3_macro.o [1]
__SEV                    0x800'127d         Code  Gb  cortexm3_macro.o [1]
__SVC                    0x800'1293         Code  Gb  cortexm3_macro.o [1]
__WFE                    0x800'1279         Code  Gb  cortexm3_macro.o [1]
__WFI                    0x800'1275         Code  Gb  cortexm3_macro.o [1]
__cmain                  0x800'1329         Code  Gb  cmain.o [3]
__exit                   0x800'135d   0x14  Code  Gb  exit.o [4]
__iar_data_init3         0x800'12f1   0x28  Code  Gb  data_init.o [3]
__iar_program_start      0x800'1371         Code  Gb  cstartup_M.o [3]
__iar_zero_init3         0x800'123b   0x3a  Code  Gb  zero_init3.o [3]
__low_level_init         0x800'1347    0x4  Code  Gb  low_level_init.o [2]
__vector_table           0x800'0000  0x130  Data  Gb  stm32f10x_vector.o [1]
_call_main               0x800'1335         Code  Gb  cmain.o [3]
_exit                    0x800'1351         Code  Gb  cexit.o [3]
_main                    0x800'1343         Code  Gb  cmain.o [3]
adc1_buffer             0x2000'003a    0x2  Data  Gb  stm32f10x_it.o [1]
clear_screen             0x800'03a1  0x12a  Code  Gb  lcd12864.o [1]
delay_ms                 0x800'0719   0x16  Code  Gb  main.o [1]
delay_us                 0x800'0701   0x16  Code  Gb  main.o [1]
exit                     0x800'134b    0x4  Code  Gb  exit.o [2]
fill_screen              0x800'04cd   0x96  Code  Gb  lcd12864.o [1]
lcd12864_gpio_init       0x800'0565   0x9a  Code  Gb  lcd12864.o [1]
lcd12864_init            0x800'05ff   0x34  Code  Gb  lcd12864.o [1]
main                     0x800'0731   0x5e  Code  Gb  main.o [1]
putstr                   0x800'078f   0x28  Code  Gb  main.o [1]


[1] = D:\work\CorTex\LCD_1\EWARMv5\Debug\Obj
[2] = dl7M_tlf.a
[3] = rt7M_tl.a
[4] = shb_l.a

   4 668 bytes of readonly  code memory
     320 bytes of readonly  data memory
  12 348 bytes of readwrite data memory

Errors: none
Warnings: none
