###############################################################################
#
# IAR ELF Linker V8.30.1.114/W32 for ARM                  22/Nov/2018  14:40:51
# Copyright 2007-2018 IAR Systems AB.
#
#    Output file  =  
#        D:\work\CorTex\LED_EXAMPLE\EWARM\LED_EXAMPLE\Exe\LED_EXAMPLE.out
#    Map file     =  
#        D:\work\CorTex\LED_EXAMPLE\EWARM\LED_EXAMPLE\List\LED_EXAMPLE.map
#    Command line =  
#        -f C:\Users\KMG\AppData\Local\Temp\EW8443.tmp
#        (D:\work\CorTex\LED_EXAMPLE\EWARM\LED_EXAMPLE\Obj\main.o
#        D:\work\CorTex\LED_EXAMPLE\EWARM\LED_EXAMPLE\Obj\startup_stm32f103xe.o
#        D:\work\CorTex\LED_EXAMPLE\EWARM\LED_EXAMPLE\Obj\stm32f1xx_hal.o
#        D:\work\CorTex\LED_EXAMPLE\EWARM\LED_EXAMPLE\Obj\stm32f1xx_hal_cortex.o
#        D:\work\CorTex\LED_EXAMPLE\EWARM\LED_EXAMPLE\Obj\stm32f1xx_hal_dma.o
#        D:\work\CorTex\LED_EXAMPLE\EWARM\LED_EXAMPLE\Obj\stm32f1xx_hal_flash.o
#        D:\work\CorTex\LED_EXAMPLE\EWARM\LED_EXAMPLE\Obj\stm32f1xx_hal_flash_ex.o
#        D:\work\CorTex\LED_EXAMPLE\EWARM\LED_EXAMPLE\Obj\stm32f1xx_hal_gpio.o
#        D:\work\CorTex\LED_EXAMPLE\EWARM\LED_EXAMPLE\Obj\stm32f1xx_hal_gpio_ex.o
#        D:\work\CorTex\LED_EXAMPLE\EWARM\LED_EXAMPLE\Obj\stm32f1xx_hal_msp.o
#        D:\work\CorTex\LED_EXAMPLE\EWARM\LED_EXAMPLE\Obj\stm32f1xx_hal_pwr.o
#        D:\work\CorTex\LED_EXAMPLE\EWARM\LED_EXAMPLE\Obj\stm32f1xx_hal_rcc.o
#        D:\work\CorTex\LED_EXAMPLE\EWARM\LED_EXAMPLE\Obj\stm32f1xx_hal_rcc_ex.o
#        D:\work\CorTex\LED_EXAMPLE\EWARM\LED_EXAMPLE\Obj\stm32f1xx_hal_tim.o
#        D:\work\CorTex\LED_EXAMPLE\EWARM\LED_EXAMPLE\Obj\stm32f1xx_hal_tim_ex.o
#        D:\work\CorTex\LED_EXAMPLE\EWARM\LED_EXAMPLE\Obj\stm32f1xx_hal_uart.o
#        D:\work\CorTex\LED_EXAMPLE\EWARM\LED_EXAMPLE\Obj\stm32f1xx_it.o
#        D:\work\CorTex\LED_EXAMPLE\EWARM\LED_EXAMPLE\Obj\system_stm32f1xx.o
#        --redirect _Printf=_PrintfFull --redirect _Scanf=_ScanfFull
#        --no_out_extension -o
#        D:\work\CorTex\LED_EXAMPLE\EWARM\LED_EXAMPLE\Exe\LED_EXAMPLE.out --map
#        D:\work\CorTex\LED_EXAMPLE\EWARM\LED_EXAMPLE\List\LED_EXAMPLE.map
#        --config D:\work\CorTex\LED_EXAMPLE\EWARM/stm32f103xe_flash.icf
#        --semihosting --entry __iar_program_start --vfe --text_out locale)
#
###############################################################################

*******************************************************************************
*** RUNTIME MODEL ATTRIBUTES
***

CppFlavor       = *
__SystemLibrary = DLib
__dlib_version  = 6


*******************************************************************************
*** HEAP SELECTION
***

The basic heap was selected because some modules are built with
size limitations (and not runtime checking), and --advanced_heap
was not specified.


*******************************************************************************
*** PLACEMENT SUMMARY
***

"A0":  place at 0x800'0000 { ro section .intvec };
"P1":  place in [from 0x800'0000 to 0x807'ffff] { ro };
define block CSTACK with size = 1K, alignment = 8 { };
define block HEAP with size = 512, alignment = 8 { };
"P2":  place in [from 0x2000'0000 to 0x2000'ffff] {
          rw, block CSTACK, block HEAP };
initialize by copy { rw };

  Section            Kind         Address    Size  Object
  -------            ----         -------    ----  ------
"A0":                                       0x130
  .intvec            ro code   0x800'0000   0x130  startup_stm32f103xe.o [1]
                             - 0x800'0130   0x130

"P1":                                      0x12ba
  .text              ro code   0x800'0130   0x4da  stm32f1xx_hal_rcc.o [1]
  .text              ro code   0x800'060c     0xc  stm32f1xx_hal.o [1]
  .text              ro code   0x800'0618    0x40  stm32f1xx_hal.o [1]
  .text              ro code   0x800'0658    0xe2  stm32f1xx_hal_cortex.o [1]
  .text              ro code   0x800'073c   0x490  stm32f1xx_hal_uart.o [1]
  .text              ro code   0x800'0bcc   0x104  stm32f1xx_hal_msp.o [1]
  .text              ro code   0x800'0cd0   0x110  stm32f1xx_hal_dma.o [1]
  .text              ro code   0x800'0de0     0x2  stm32f1xx_hal_uart.o [1]
  .text              ro code   0x800'0de2     0x2  stm32f1xx_hal_uart.o [1]
  .text              ro code   0x800'0de4     0x2  stm32f1xx_hal_uart.o [1]
  .text              ro code   0x800'0de8   0x1e8  stm32f1xx_hal_gpio.o [1]
  .text              ro code   0x800'0fd0   0x164  main.o [1]
  .text              ro code   0x800'1134    0x24  stm32f1xx_hal.o [1]
  .text              ro code   0x800'1158    0x28  stm32f1xx_hal.o [1]
  .text              ro code   0x800'1180    0x5c  system_stm32f1xx.o [1]
  .text              ro code   0x800'11dc    0x38  packbits_init_single.o [3]
  .text              ro code   0x800'1214    0x28  stm32f1xx_it.o [1]
  .text              ro code   0x800'123c    0x10  stm32f1xx_hal.o [1]
  .text              ro code   0x800'124c    0x28  data_init.o [3]
  .iar.init_table    const     0x800'1274    0x10  - Linker created -
  .text              ro code   0x800'1284    0x1e  cmain.o [3]
  .text              ro code   0x800'12a2     0x4  low_level_init.o [2]
  .text              ro code   0x800'12a6     0x4  exit.o [2]
  .text              ro code   0x800'12ac     0xa  cexit.o [3]
  .text              ro code   0x800'12b8    0x14  exit.o [4]
  .text              ro code   0x800'12cc    0x10  startup_stm32f103xe.o [1]
  .text              ro code   0x800'12dc     0xc  cstartup_M.o [3]
  .rodata            const     0x800'12e8     0x8  system_stm32f1xx.o [1]
  .text              ro code   0x800'12f0     0x4  startup_stm32f103xe.o [1]
  .text              ro code   0x800'12f4     0x4  startup_stm32f103xe.o [1]
  .text              ro code   0x800'12f8     0x4  startup_stm32f103xe.o [1]
  .text              ro code   0x800'12fc     0x4  startup_stm32f103xe.o [1]
  .text              ro code   0x800'1300     0x4  startup_stm32f103xe.o [1]
  .text              ro code   0x800'1304     0x4  startup_stm32f103xe.o [1]
  .text              ro code   0x800'1308     0x4  startup_stm32f103xe.o [1]
  .text              ro code   0x800'130c     0x4  startup_stm32f103xe.o [1]
  .text              ro code   0x800'1310     0x4  startup_stm32f103xe.o [1]
  .text              ro code   0x800'1314     0x4  startup_stm32f103xe.o [1]
  .text              ro code   0x800'1318     0x4  startup_stm32f103xe.o [1]
  .text              ro code   0x800'131c     0x4  startup_stm32f103xe.o [1]
  .text              ro code   0x800'1320     0x4  startup_stm32f103xe.o [1]
  .text              ro code   0x800'1324     0x4  startup_stm32f103xe.o [1]
  .text              ro code   0x800'1328     0x4  startup_stm32f103xe.o [1]
  .text              ro code   0x800'132c     0x4  startup_stm32f103xe.o [1]
  .text              ro code   0x800'1330     0x4  startup_stm32f103xe.o [1]
  .text              ro code   0x800'1334     0x4  startup_stm32f103xe.o [1]
  .text              ro code   0x800'1338     0x4  startup_stm32f103xe.o [1]
  .text              ro code   0x800'133c     0x4  startup_stm32f103xe.o [1]
  .text              ro code   0x800'1340     0x4  startup_stm32f103xe.o [1]
  .text              ro code   0x800'1344     0x4  startup_stm32f103xe.o [1]
  .text              ro code   0x800'1348     0x4  startup_stm32f103xe.o [1]
  .text              ro code   0x800'134c     0x4  startup_stm32f103xe.o [1]
  .text              ro code   0x800'1350     0x4  startup_stm32f103xe.o [1]
  .text              ro code   0x800'1354     0x4  startup_stm32f103xe.o [1]
  .text              ro code   0x800'1358     0x4  startup_stm32f103xe.o [1]
  .text              ro code   0x800'135c     0x4  startup_stm32f103xe.o [1]
  .text              ro code   0x800'1360     0x4  startup_stm32f103xe.o [1]
  .text              ro code   0x800'1364     0x4  startup_stm32f103xe.o [1]
  .text              ro code   0x800'1368     0x4  startup_stm32f103xe.o [1]
  .text              ro code   0x800'136c     0x4  startup_stm32f103xe.o [1]
  .text              ro code   0x800'1370     0x4  startup_stm32f103xe.o [1]
  .text              ro code   0x800'1374     0x4  startup_stm32f103xe.o [1]
  .text              ro code   0x800'1378     0x4  startup_stm32f103xe.o [1]
  .text              ro code   0x800'137c     0x4  startup_stm32f103xe.o [1]
  .text              ro code   0x800'1380     0x4  startup_stm32f103xe.o [1]
  .text              ro code   0x800'1384     0x4  startup_stm32f103xe.o [1]
  .text              ro code   0x800'1388     0x4  startup_stm32f103xe.o [1]
  .text              ro code   0x800'138c     0x4  startup_stm32f103xe.o [1]
  .text              ro code   0x800'1390     0x4  startup_stm32f103xe.o [1]
  .text              ro code   0x800'1394     0x4  startup_stm32f103xe.o [1]
  .text              ro code   0x800'1398     0x4  startup_stm32f103xe.o [1]
  .text              ro code   0x800'139c     0x4  startup_stm32f103xe.o [1]
  .text              ro code   0x800'13a0     0x4  startup_stm32f103xe.o [1]
  .text              ro code   0x800'13a4     0x4  startup_stm32f103xe.o [1]
  .text              ro code   0x800'13a8     0x4  startup_stm32f103xe.o [1]
  .text              ro code   0x800'13ac     0x4  startup_stm32f103xe.o [1]
  .text              ro code   0x800'13b0     0x4  startup_stm32f103xe.o [1]
  .text              ro code   0x800'13b4     0x4  startup_stm32f103xe.o [1]
  .text              ro code   0x800'13b8     0x4  startup_stm32f103xe.o [1]
  .text              ro code   0x800'13bc     0x4  startup_stm32f103xe.o [1]
  .text              ro code   0x800'13c0     0x4  startup_stm32f103xe.o [1]
  .text              ro code   0x800'13c4     0x4  startup_stm32f103xe.o [1]
  .text              ro code   0x800'13c8     0x4  startup_stm32f103xe.o [1]
  .text              ro code   0x800'13cc     0x4  startup_stm32f103xe.o [1]
  .text              ro code   0x800'13d0     0x4  startup_stm32f103xe.o [1]
  .text              ro code   0x800'13d4     0x4  startup_stm32f103xe.o [1]
  .text              ro code   0x800'13d8     0x4  startup_stm32f103xe.o [1]
  .rodata            const     0x800'13dc     0x0  packbits_init_single.o [3]
  Initializer bytes  const     0x800'13dc     0xe  <for P2-1>
                             - 0x800'13ea  0x12ba

"P2", part 1 of 2:                           0x50
  P2-1                        0x2000'0000    0x50  <Init block>
    .data            inited   0x2000'0000     0xc  stm32f1xx_hal.o [1]
    .data            inited   0x2000'000c     0x4  system_stm32f1xx.o [1]
    .bss             inited   0x2000'0010    0x40  main.o [1]
                            - 0x2000'0050    0x50

"P2", part 2 of 2:                          0x400
  CSTACK                      0x2000'0050   0x400  <Block>
    CSTACK           uninit   0x2000'0050   0x400  <Block tail>
                            - 0x2000'0450   0x400

Unused ranges:

         From           To      Size
         ----           --      ----
   0x800'13ea   0x807'ffff  0x7'ec16
  0x2000'0450  0x2000'ffff    0xfbb0


*******************************************************************************
*** INIT TABLE
***

          Address      Size
          -------      ----
Copy/packbits (__iar_packbits_init_single3)
    1 source range, total size 0xe (17% of destination):
           0x800'13dc   0xe
    1 destination range, total size 0x50:
          0x2000'0000  0x50



*******************************************************************************
*** MODULE SUMMARY
***

    Module                  ro code  ro data  rw data
    ------                  -------  -------  -------
command line/config:
    -------------------------------------------------
    Total:

D:\work\CorTex\LED_EXAMPLE\EWARM\LED_EXAMPLE\Obj: [1]
    main.o                      356       12       64
    startup_stm32f103xe.o       556
    stm32f1xx_hal.o             168        2       12
    stm32f1xx_hal_cortex.o      226
    stm32f1xx_hal_dma.o         272
    stm32f1xx_hal_gpio.o        488
    stm32f1xx_hal_msp.o         260
    stm32f1xx_hal_rcc.o       1 242
    stm32f1xx_hal_uart.o      1 174
    stm32f1xx_it.o               40
    system_stm32f1xx.o           92        8        4
    -------------------------------------------------
    Total:                    4 874       22       80

dl7M_tlf.a: [2]
    exit.o                        4
    low_level_init.o              4
    -------------------------------------------------
    Total:                        8

rt7M_tl.a: [3]
    cexit.o                      10
    cmain.o                      30
    cstartup_M.o                 12
    data_init.o                  40
    packbits_init_single.o       56
    -------------------------------------------------
    Total:                      148

shb_l.a: [4]
    exit.o                       20
    -------------------------------------------------
    Total:                       20

    Gaps                         10
    Linker created                        16    1 024
-----------------------------------------------------
    Grand Total:              5 060       38    1 104


*******************************************************************************
*** ENTRY LIST
***

Entry                       Address   Size  Type      Object
-----                       -------   ----  ----      ------
.iar.init_table$$Base    0x800'1274          --   Gb  - Linker created -
.iar.init_table$$Limit   0x800'1284          --   Gb  - Linker created -
?main                    0x800'1285         Code  Gb  cmain.o [3]
AHBPrescTable            0x800'11cc   0x10  Data  Gb  system_stm32f1xx.o [1]
APBPrescTable            0x800'12e8    0x8  Data  Gb  system_stm32f1xx.o [1]
BusFault_Handler         0x800'121b    0x2  Code  Gb  stm32f1xx_it.o [1]
CSTACK$$Base            0x2000'0050          --   Gb  - Linker created -
CSTACK$$Limit           0x2000'0450          --   Gb  - Linker created -
DebugMon_Handler         0x800'1221    0x2  Code  Gb  stm32f1xx_it.o [1]
HAL_DMA_Abort_IT         0x800'0cd1   0xdc  Code  Gb  stm32f1xx_hal_dma.o [1]
HAL_Delay                0x800'1159   0x28  Code  Wk  stm32f1xx_hal.o [1]
HAL_GPIO_Init            0x800'0de9  0x196  Code  Gb  stm32f1xx_hal_gpio.o [1]
HAL_GPIO_ReadPin         0x800'0f7f    0xc  Code  Gb  stm32f1xx_hal_gpio.o [1]
HAL_GPIO_WritePin        0x800'0f8b    0x8  Code  Gb  stm32f1xx_hal_gpio.o [1]
HAL_GetTick              0x800'060d    0xc  Code  Wk  stm32f1xx_hal.o [1]
HAL_IncTick              0x800'123d   0x10  Code  Wk  stm32f1xx_hal.o [1]
HAL_Init                 0x800'1135   0x20  Code  Gb  stm32f1xx_hal.o [1]
HAL_InitTick             0x800'0619   0x40  Code  Wk  stm32f1xx_hal.o [1]
HAL_MspInit              0x800'0bcd   0x92  Code  Gb  stm32f1xx_hal_msp.o [1]
HAL_NVIC_EnableIRQ       0x800'06c7    0xa  Code  Gb  stm32f1xx_hal_cortex.o [1]
HAL_NVIC_SetPriority     0x800'068d   0x3a  Code  Gb  stm32f1xx_hal_cortex.o [1]
HAL_NVIC_SetPriorityGrouping
                         0x800'0673   0x1a  Code  Gb  stm32f1xx_hal_cortex.o [1]
HAL_RCC_ClockConfig      0x800'0449  0x10a  Code  Gb  stm32f1xx_hal_rcc.o [1]
HAL_RCC_GetHCLKFreq      0x800'05a3    0x6  Code  Gb  stm32f1xx_hal_rcc.o [1]
HAL_RCC_GetPCLK1Freq     0x800'05a9   0x10  Code  Gb  stm32f1xx_hal_rcc.o [1]
HAL_RCC_GetPCLK2Freq     0x800'05b9    0xe  Code  Gb  stm32f1xx_hal_rcc.o [1]
HAL_RCC_GetSysClockFreq
                         0x800'0569   0x3a  Code  Gb  stm32f1xx_hal_rcc.o [1]
HAL_RCC_GetSysClockFreq::aPLLMULFactorTable
                         0x800'05f8   0x10  Data  Lc  stm32f1xx_hal_rcc.o [1]
HAL_RCC_GetSysClockFreq::aPredivFactorTable
                         0x800'0608    0x2  Data  Lc  stm32f1xx_hal_rcc.o [1]
HAL_RCC_OscConfig        0x800'0131  0x310  Code  Gb  stm32f1xx_hal_rcc.o [1]
HAL_SYSTICK_CLKSourceConfig
                         0x800'0703   0x1a  Code  Gb  stm32f1xx_hal_cortex.o [1]
HAL_SYSTICK_Config       0x800'06db   0x28  Code  Gb  stm32f1xx_hal_cortex.o [1]
HAL_SYSTICK_IRQHandler   0x800'0735    0x4  Code  Gb  stm32f1xx_hal_cortex.o [1]
HAL_UART_IRQHandler      0x800'0873  0x14e  Code  Gb  stm32f1xx_hal_uart.o [1]
HAL_UART_Init            0x800'073d   0x1e  Code  Gb  stm32f1xx_hal_uart.o [1]
HAL_UART_MspInit         0x800'0c5f   0x62  Code  Gb  stm32f1xx_hal_msp.o [1]
HAL_UART_Transmit        0x800'07b3   0xac  Code  Gb  stm32f1xx_hal_uart.o [1]
HardFault_Handler        0x800'1217    0x2  Code  Gb  stm32f1xx_it.o [1]
MemManage_Handler        0x800'1219    0x2  Code  Gb  stm32f1xx_it.o [1]
NMI_Handler              0x800'1215    0x2  Code  Gb  stm32f1xx_it.o [1]
NVIC_SetPriority         0x800'0659   0x1a  Code  Lc  stm32f1xx_hal_cortex.o [1]
PendSV_Handler           0x800'1223    0x2  Code  Gb  stm32f1xx_it.o [1]
Region$$Table$$Base      0x800'1274          --   Gb  - Linker created -
Region$$Table$$Limit     0x800'1284          --   Gb  - Linker created -
SVC_Handler              0x800'121f    0x2  Code  Gb  stm32f1xx_it.o [1]
SysTick_Handler          0x800'1225    0xe  Code  Gb  stm32f1xx_it.o [1]
SystemClock_Config       0x800'10c5   0x70  Code  Gb  main.o [1]
SystemCoreClock         0x2000'000c    0x4  Data  Gb  system_stm32f1xx.o [1]
SystemInit               0x800'1181   0x3c  Code  Gb  system_stm32f1xx.o [1]
UART_DMAAbortOnError     0x800'0a41    0xc  Code  Lc  stm32f1xx_hal_uart.o [1]
UART_EndRxTransfer       0x800'0a25   0x1c  Code  Lc  stm32f1xx_hal_uart.o [1]
UART_Receive_IT          0x800'0a4d   0x92  Code  Lc  stm32f1xx_hal_uart.o [1]
UART_SetConfig           0x800'0adf   0xe4  Code  Lc  stm32f1xx_hal_uart.o [1]
UART_WaitOnFlagUntilTimeout
                         0x800'09c1   0x56  Code  Lc  stm32f1xx_hal_uart.o [1]
USART1_IRQHandler        0x800'1233    0x6  Code  Gb  stm32f1xx_it.o [1]
UsageFault_Handler       0x800'121d    0x2  Code  Gb  stm32f1xx_it.o [1]
__cmain                  0x800'1285         Code  Gb  cmain.o [3]
__exit                   0x800'12b9   0x14  Code  Gb  exit.o [4]
__iar_data_init3         0x800'124d   0x28  Code  Gb  data_init.o [3]
__iar_packbits_init_single3
                         0x800'11dd   0x38  Code  Gb  packbits_init_single.o [3]
__iar_program_start      0x800'12dd         Code  Gb  cstartup_M.o [3]
__low_level_init         0x800'12a3    0x4  Code  Gb  low_level_init.o [2]
__vector_table           0x800'0000         Data  Gb  startup_stm32f103xe.o [1]
_call_main               0x800'1291         Code  Gb  cmain.o [3]
_exit                    0x800'12ad         Code  Gb  cexit.o [3]
_main                    0x800'129f         Code  Gb  cmain.o [3]
exit                     0x800'12a7    0x4  Code  Gb  exit.o [2]
huart1                  0x2000'0010   0x40  Data  Gb  main.o [1]
main                     0x800'0fd1   0xde  Code  Gb  main.o [1]
uwTick                  0x2000'0004    0x4  Data  Gb  stm32f1xx_hal.o [1]
uwTickFreq              0x2000'0000    0x1  Data  Gb  stm32f1xx_hal.o [1]
uwTickPrio              0x2000'0008    0x4  Data  Gb  stm32f1xx_hal.o [1]


[1] = D:\work\CorTex\LED_EXAMPLE\EWARM\LED_EXAMPLE\Obj
[2] = dl7M_tlf.a
[3] = rt7M_tl.a
[4] = shb_l.a

  5 060 bytes of readonly  code memory
     38 bytes of readonly  data memory
  1 104 bytes of readwrite data memory

Errors: none
Warnings: none
