###############################################################################
#
# IAR ELF Linker V8.30.1.114/W32 for ARM                  29/Nov/2018  13:51:19
# Copyright 2007-2018 IAR Systems AB.
#
#    Output file  =  D:\work\CorTex\Work_3\EWARM\Work_3\Exe\Work_3.out
#    Map file     =  D:\work\CorTex\Work_3\EWARM\Work_3\List\Work_3.map
#    Command line =  
#        -f C:\Users\KMG\AppData\Local\Temp\EWBDD4.tmp
#        (D:\work\CorTex\Work_3\EWARM\Work_3\Obj\main.o
#        D:\work\CorTex\Work_3\EWARM\Work_3\Obj\startup_stm32f103xe.o
#        D:\work\CorTex\Work_3\EWARM\Work_3\Obj\stm32f1xx_hal.o
#        D:\work\CorTex\Work_3\EWARM\Work_3\Obj\stm32f1xx_hal_cortex.o
#        D:\work\CorTex\Work_3\EWARM\Work_3\Obj\stm32f1xx_hal_dma.o
#        D:\work\CorTex\Work_3\EWARM\Work_3\Obj\stm32f1xx_hal_flash.o
#        D:\work\CorTex\Work_3\EWARM\Work_3\Obj\stm32f1xx_hal_flash_ex.o
#        D:\work\CorTex\Work_3\EWARM\Work_3\Obj\stm32f1xx_hal_gpio.o
#        D:\work\CorTex\Work_3\EWARM\Work_3\Obj\stm32f1xx_hal_gpio_ex.o
#        D:\work\CorTex\Work_3\EWARM\Work_3\Obj\stm32f1xx_hal_msp.o
#        D:\work\CorTex\Work_3\EWARM\Work_3\Obj\stm32f1xx_hal_pwr.o
#        D:\work\CorTex\Work_3\EWARM\Work_3\Obj\stm32f1xx_hal_rcc.o
#        D:\work\CorTex\Work_3\EWARM\Work_3\Obj\stm32f1xx_hal_rcc_ex.o
#        D:\work\CorTex\Work_3\EWARM\Work_3\Obj\stm32f1xx_hal_tim.o
#        D:\work\CorTex\Work_3\EWARM\Work_3\Obj\stm32f1xx_hal_tim_ex.o
#        D:\work\CorTex\Work_3\EWARM\Work_3\Obj\stm32f1xx_hal_uart.o
#        D:\work\CorTex\Work_3\EWARM\Work_3\Obj\stm32f1xx_it.o
#        D:\work\CorTex\Work_3\EWARM\Work_3\Obj\system_stm32f1xx.o --redirect
#        _Printf=_PrintfFull --redirect _Scanf=_ScanfFull --no_out_extension -o
#        D:\work\CorTex\Work_3\EWARM\Work_3\Exe\Work_3.out --map
#        D:\work\CorTex\Work_3\EWARM\Work_3\List\Work_3.map --config
#        D:\work\CorTex\Work_3\EWARM/stm32f103xe_flash.icf --semihosting
#        --entry __iar_program_start --vfe --text_out locale)
#
###############################################################################

*******************************************************************************
*** RUNTIME MODEL ATTRIBUTES
***

CppFlavor       = *
__SystemLibrary = DLib
__dlib_version  = 6


*******************************************************************************
*** HEAP SELECTION
***

The basic heap was selected because some modules are built with
size limitations (and not runtime checking), and --advanced_heap
was not specified.


*******************************************************************************
*** PLACEMENT SUMMARY
***

"A0":  place at 0x800'0000 { ro section .intvec };
"P1":  place in [from 0x800'0000 to 0x807'ffff] { ro };
define block CSTACK with size = 1K, alignment = 8 { };
define block HEAP with size = 512, alignment = 8 { };
"P2":  place in [from 0x2000'0000 to 0x2000'ffff] {
          rw, block CSTACK, block HEAP };
initialize by copy { rw };

  Section            Kind         Address    Size  Object
  -------            ----         -------    ----  ------
"A0":                                       0x130
  .intvec            ro code   0x800'0000   0x130  startup_stm32f103xe.o [1]
                             - 0x800'0130   0x130

"P1":                                      0x34ce
  .text              ro code   0x800'0130   0xf7a  xprintffull.o [2]
  .text              ro code   0x800'10aa    0x7a  lz77_init_single.o [4]
  .text              ro code   0x800'1124    0x78  xlocale_c.o [2]
  .text              ro code   0x800'119c    0x16  strchr.o [4]
  .text              ro code   0x800'11b2    0x3a  zero_init3.o [4]
  .text              ro code   0x800'11ec    0x40  xfail_s.o [2]
  .text              ro code   0x800'122c    0x36  strlen.o [4]
  .text              ro code   0x800'1262    0x1e  xencoding_8859_1.o [2]
  .text              ro code   0x800'1280    0x58  memchr.o [4]
  .text              ro code   0x800'12d8     0xa  xmbcurmax.o [2]
  .text              ro code   0x800'12e4    0xa6  ABImemcpy.o [4]
  .text              ro code   0x800'138c   0x230  I64DivMod.o [4]
  .text              ro code   0x800'15bc   0x1a2  DblMul.o [3]
  .text              ro code   0x800'1760    0x70  frexp.o [3]
  .text              ro code   0x800'17d0    0x2e  DblCmpLe.o [3]
  .text              ro code   0x800'1800    0x2e  DblCmpGe.o [3]
  .text              ro code   0x800'1830   0x13a  ldexp.o [3]
  .text              ro code   0x800'196c    0x3a  DblToS32.o [3]
  .text              ro code   0x800'19a8    0x22  S32ToDbl.o [3]
  .text              ro code   0x800'19cc    0xe2  DblSub.o [3]
  .text              ro code   0x800'1ab0   0x246  DblDiv.o [3]
  .text              ro code   0x800'1cf8    0x28  DblToU32.o [3]
  .text              ro code   0x800'1d20    0x1a  U32ToDbl.o [3]
  .text              ro code   0x800'1d3a     0x6  abort.o [2]
  .text              ro code   0x800'1d40     0x2  I64DivZer.o [4]
  .text              ro code   0x800'1d44   0x16a  DblAdd.o [3]
  .text              ro code   0x800'1eb0    0x14  exit.o [5]
  .text              ro code   0x800'1ec4   0x4da  stm32f1xx_hal_rcc.o [1]
  .text              ro code   0x800'23a0     0xc  stm32f1xx_hal.o [1]
  .text              ro code   0x800'23ac    0x40  stm32f1xx_hal.o [1]
  .text              ro code   0x800'23ec    0xe2  stm32f1xx_hal_cortex.o [1]
  .text              ro code   0x800'24d0   0x490  stm32f1xx_hal_uart.o [1]
  .text              ro code   0x800'2960   0x140  stm32f1xx_hal_msp.o [1]
  .text              ro code   0x800'2aa0   0x110  stm32f1xx_hal_dma.o [1]
  .text              ro code   0x800'2bb0     0x2  stm32f1xx_hal_uart.o [1]
  .text              ro code   0x800'2bb2     0x2  stm32f1xx_hal_uart.o [1]
  .text              ro code   0x800'2bb4     0x2  stm32f1xx_hal_uart.o [1]
  .text              ro code   0x800'2bb8   0x1f0  stm32f1xx_hal_gpio.o [1]
  .text              ro code   0x800'2da8   0x2e8  main.o [1]
  .text              ro code   0x800'3090    0x28  printf.o [2]
  .text              ro code   0x800'30b8    0x24  stm32f1xx_hal.o [1]
  .text              ro code   0x800'30dc   0x224  stm32f1xx_hal_tim.o [1]
  .text              ro code   0x800'3300    0x4a  stm32f1xx_hal_tim_ex.o [1]
  .text              ro code   0x800'334a     0x2  stm32f1xx_hal_tim.o [1]
  .text              ro code   0x800'334c     0x2  stm32f1xx_hal_tim.o [1]
  .text              ro code   0x800'334e     0x2  stm32f1xx_hal_tim_ex.o [1]
  .text              ro code   0x800'3350     0x2  stm32f1xx_hal_tim.o [1]
  .text              ro code   0x800'3352     0x2  stm32f1xx_hal_tim_ex.o [1]
  .text              ro code   0x800'3354     0x2  stm32f1xx_hal_tim.o [1]
  .text              ro code   0x800'3358    0x5c  system_stm32f1xx.o [1]
  .text              ro code   0x800'33b4    0x50  stm32f1xx_it.o [1]
  .text              ro code   0x800'3404    0x10  stm32f1xx_hal.o [1]
  .text              ro code   0x800'3414    0x28  data_init.o [4]
  .iar.init_table    const     0x800'343c    0x20  - Linker created -
  .text              ro code   0x800'345c    0x1e  cmain.o [4]
  .text              ro code   0x800'347a     0x4  low_level_init.o [2]
  .text              ro code   0x800'347e     0x4  exit.o [2]
  .text              ro code   0x800'3484     0xa  cexit.o [4]
  .text              ro code   0x800'348e    0x16  xprout.o [2]
  .text              ro code   0x800'34a4     0xc  putchar.o [2]
  .text              ro code   0x800'34b0    0x10  startup_stm32f103xe.o [1]
  .text              ro code   0x800'34c0     0xc  cstartup_M.o [4]
  .rodata            const     0x800'34cc     0x8  system_stm32f1xx.o [1]
  .rodata            const     0x800'34d4     0x6  xlocale_c.o [2]
  .text              ro code   0x800'34da     0x4  startup_stm32f103xe.o [1]
  .text              ro code   0x800'34de     0x4  startup_stm32f103xe.o [1]
  .text              ro code   0x800'34e2     0x4  startup_stm32f103xe.o [1]
  .text              ro code   0x800'34e6     0x4  startup_stm32f103xe.o [1]
  .text              ro code   0x800'34ea     0x4  startup_stm32f103xe.o [1]
  .text              ro code   0x800'34ee     0x4  startup_stm32f103xe.o [1]
  .text              ro code   0x800'34f2     0x4  startup_stm32f103xe.o [1]
  .text              ro code   0x800'34f6     0x4  startup_stm32f103xe.o [1]
  .text              ro code   0x800'34fa     0x4  startup_stm32f103xe.o [1]
  .text              ro code   0x800'34fe     0x4  startup_stm32f103xe.o [1]
  .text              ro code   0x800'3502     0x4  startup_stm32f103xe.o [1]
  .text              ro code   0x800'3506     0x4  startup_stm32f103xe.o [1]
  .text              ro code   0x800'350a     0x4  startup_stm32f103xe.o [1]
  .text              ro code   0x800'350e     0x4  startup_stm32f103xe.o [1]
  .text              ro code   0x800'3512     0x4  startup_stm32f103xe.o [1]
  .text              ro code   0x800'3516     0x4  startup_stm32f103xe.o [1]
  .text              ro code   0x800'351a     0x4  startup_stm32f103xe.o [1]
  .text              ro code   0x800'351e     0x4  startup_stm32f103xe.o [1]
  .text              ro code   0x800'3522     0x4  startup_stm32f103xe.o [1]
  .text              ro code   0x800'3526     0x4  startup_stm32f103xe.o [1]
  .text              ro code   0x800'352a     0x4  startup_stm32f103xe.o [1]
  .text              ro code   0x800'352e     0x4  startup_stm32f103xe.o [1]
  .text              ro code   0x800'3532     0x4  startup_stm32f103xe.o [1]
  .text              ro code   0x800'3536     0x4  startup_stm32f103xe.o [1]
  .text              ro code   0x800'353a     0x4  startup_stm32f103xe.o [1]
  .text              ro code   0x800'353e     0x4  startup_stm32f103xe.o [1]
  .text              ro code   0x800'3542     0x4  startup_stm32f103xe.o [1]
  .text              ro code   0x800'3546     0x4  startup_stm32f103xe.o [1]
  .text              ro code   0x800'354a     0x4  startup_stm32f103xe.o [1]
  .text              ro code   0x800'354e     0x4  startup_stm32f103xe.o [1]
  .text              ro code   0x800'3552     0x4  startup_stm32f103xe.o [1]
  .text              ro code   0x800'3556     0x4  startup_stm32f103xe.o [1]
  .text              ro code   0x800'355a     0x4  startup_stm32f103xe.o [1]
  .text              ro code   0x800'355e     0x4  startup_stm32f103xe.o [1]
  .text              ro code   0x800'3562     0x4  startup_stm32f103xe.o [1]
  .text              ro code   0x800'3566     0x4  startup_stm32f103xe.o [1]
  .text              ro code   0x800'356a     0x4  startup_stm32f103xe.o [1]
  .text              ro code   0x800'356e     0x4  startup_stm32f103xe.o [1]
  .text              ro code   0x800'3572     0x4  startup_stm32f103xe.o [1]
  .text              ro code   0x800'3576     0x4  startup_stm32f103xe.o [1]
  .text              ro code   0x800'357a     0x4  startup_stm32f103xe.o [1]
  .text              ro code   0x800'357e     0x4  startup_stm32f103xe.o [1]
  .text              ro code   0x800'3582     0x4  startup_stm32f103xe.o [1]
  .text              ro code   0x800'3586     0x4  startup_stm32f103xe.o [1]
  .text              ro code   0x800'358a     0x4  startup_stm32f103xe.o [1]
  .text              ro code   0x800'358e     0x4  startup_stm32f103xe.o [1]
  .text              ro code   0x800'3592     0x4  startup_stm32f103xe.o [1]
  .text              ro code   0x800'3596     0x4  startup_stm32f103xe.o [1]
  .text              ro code   0x800'359a     0x4  startup_stm32f103xe.o [1]
  .text              ro code   0x800'359e     0x4  startup_stm32f103xe.o [1]
  .text              ro code   0x800'35a2     0x4  startup_stm32f103xe.o [1]
  .text              ro code   0x800'35a6     0x4  startup_stm32f103xe.o [1]
  .text              ro code   0x800'35aa     0x4  startup_stm32f103xe.o [1]
  .rodata            const     0x800'35ae     0x0  zero_init3.o [4]
  .rodata            const     0x800'35ae     0x0  lz77_init_single.o [4]
  Initializer bytes  const     0x800'35ae    0x50  <for P2-1>
                             - 0x800'35fe  0x34ce

"P2", part 1 of 3:                           0xd8
  P2-1                        0x2000'0000    0xd8  <Init block>
    .data            inited   0x2000'0000     0xc  stm32f1xx_hal.o [1]
    .data            inited   0x2000'000c     0x4  system_stm32f1xx.o [1]
    .data            inited   0x2000'0010    0x38  xlocale_c.o [2]
    .data            inited   0x2000'0048    0x48  xlocale_c.o [2]
    .data            inited   0x2000'0090    0x48  xfiles.o [2]
                            - 0x2000'00d8    0xd8

"P2", part 2 of 3:                           0xd8
  .bss               zero     0x2000'00d8    0x50  xfiles.o [2]
  .bss               zero     0x2000'0128    0x40  main.o [1]
  .bss               zero     0x2000'0168    0x40  main.o [1]
  .bss               zero     0x2000'01a8     0x4  xfail_s.o [2]
  .bss               zero     0x2000'01ac     0x2  main.o [1]
                            - 0x2000'01ae    0xd6

"P2", part 3 of 3:                          0x400
  CSTACK                      0x2000'01b0   0x400  <Block>
    CSTACK           uninit   0x2000'01b0   0x400  <Block tail>
                            - 0x2000'05b0   0x400

Unused ranges:

         From           To      Size
         ----           --      ----
   0x800'35fe   0x807'ffff  0x7'ca02
  0x2000'05b0  0x2000'ffff    0xfa50


*******************************************************************************
*** INIT TABLE
***

          Address      Size
          -------      ----
Zero (__iar_zero_init3)
    1 destination range, total size 0xd6:
          0x2000'00d8  0xd6

Copy/lz77 (__iar_lz77_init_single3)
    1 source range, total size 0x50 (37% of destination):
           0x800'35ae  0x50
    1 destination range, total size 0xd8:
          0x2000'0000  0xd8



*******************************************************************************
*** MODULE SUMMARY
***

    Module                  ro code  ro data  rw data
    ------                  -------  -------  -------
command line/config:
    -------------------------------------------------
    Total:

D:\work\CorTex\Work_3\EWARM\Work_3\Obj: [1]
    main.o                      744               130
    startup_stm32f103xe.o       532
    stm32f1xx_hal.o             128        4       12
    stm32f1xx_hal_cortex.o      226
    stm32f1xx_hal_dma.o         272
    stm32f1xx_hal_gpio.o        496
    stm32f1xx_hal_msp.o         320
    stm32f1xx_hal_rcc.o       1 242
    stm32f1xx_hal_tim.o         556
    stm32f1xx_hal_tim_ex.o       78
    stm32f1xx_hal_uart.o      1 174
    stm32f1xx_it.o               80
    system_stm32f1xx.o           92        9        4
    -------------------------------------------------
    Total:                    5 940       13      146

dl7M_tlf.a: [2]
    abort.o                       6
    exit.o                        4
    low_level_init.o              4
    printf.o                     40
    putchar.o                    12
    xencoding_8859_1.o           30
    xfail_s.o                    64                 4
    xfiles.o                              27      152
    xlocale_c.o                 120       54      128
    xmbcurmax.o                  10
    xprintffull.o             3 962
    xprout.o                     22
    -------------------------------------------------
    Total:                    4 274       81      284

m7M_tl.a: [3]
    DblAdd.o                    362
    DblCmpGe.o                   46
    DblCmpLe.o                   46
    DblDiv.o                    582
    DblMul.o                    418
    DblSub.o                    226
    DblToS32.o                   58
    DblToU32.o                   40
    S32ToDbl.o                   34
    U32ToDbl.o                   26
    frexp.o                     112
    ldexp.o                     314
    -------------------------------------------------
    Total:                    2 264

rt7M_tl.a: [4]
    ABImemcpy.o                 166
    I64DivMod.o                 560
    I64DivZer.o                   2
    cexit.o                      10
    cmain.o                      30
    cstartup_M.o                 12
    data_init.o                  40
    lz77_init_single.o          122
    memchr.o                     88
    strchr.o                     22
    strlen.o                     54
    zero_init3.o                 58
    -------------------------------------------------
    Total:                    1 164

shb_l.a: [5]
    exit.o                       20
    -------------------------------------------------
    Total:                       20

    Gaps                         34
    Linker created                        32    1 024
-----------------------------------------------------
    Grand Total:             13 696      126    1 454


*******************************************************************************
*** ENTRY LIST
***

Entry                       Address   Size  Type      Object
-----                       -------   ----  ----      ------
.iar.init_table$$Base    0x800'343c          --   Gb  - Linker created -
.iar.init_table$$Limit   0x800'345c          --   Gb  - Linker created -
?main                    0x800'345d         Code  Gb  cmain.o [4]
AHBPrescTable            0x800'33a4   0x10  Data  Gb  system_stm32f1xx.o [1]
APBPrescTable            0x800'34cc    0x8  Data  Gb  system_stm32f1xx.o [1]
BusFault_Handler         0x800'33bb    0x2  Code  Gb  stm32f1xx_it.o [1]
CSTACK$$Base            0x2000'01b0          --   Gb  - Linker created -
CSTACK$$Limit           0x2000'05b0          --   Gb  - Linker created -
CacheMore                0x800'1129   0x24  Code  Lc  xlocale_c.o [2]
DebugMon_Handler         0x800'33c1    0x2  Code  Gb  stm32f1xx_it.o [1]
EXTI0_IRQHandler         0x800'33d3    0x6  Code  Gb  stm32f1xx_it.o [1]
EXTI1_IRQHandler         0x800'33d9    0x6  Code  Gb  stm32f1xx_it.o [1]
EXTI2_IRQHandler         0x800'33df    0x6  Code  Gb  stm32f1xx_it.o [1]
EXTI3_IRQHandler         0x800'33e5    0x6  Code  Gb  stm32f1xx_it.o [1]
EXTI4_IRQHandler         0x800'33eb    0x6  Code  Gb  stm32f1xx_it.o [1]
HAL_DMA_Abort_IT         0x800'2aa1   0xdc  Code  Gb  stm32f1xx_hal_dma.o [1]
HAL_GPIO_EXTI_Callback   0x800'2e19   0x74  Code  Gb  main.o [1]
HAL_GPIO_EXTI_IRQHandler
                         0x800'2d57   0x10  Code  Gb  stm32f1xx_hal_gpio.o [1]
HAL_GPIO_Init            0x800'2bb9  0x196  Code  Gb  stm32f1xx_hal_gpio.o [1]
HAL_GPIO_WritePin        0x800'2d4f    0x8  Code  Gb  stm32f1xx_hal_gpio.o [1]
HAL_GetTick              0x800'23a1    0xc  Code  Wk  stm32f1xx_hal.o [1]
HAL_IncTick              0x800'3405   0x10  Code  Wk  stm32f1xx_hal.o [1]
HAL_Init                 0x800'30b9   0x20  Code  Gb  stm32f1xx_hal.o [1]
HAL_InitTick             0x800'23ad   0x40  Code  Wk  stm32f1xx_hal.o [1]
HAL_MspInit              0x800'2961   0x92  Code  Gb  stm32f1xx_hal_msp.o [1]
HAL_NVIC_EnableIRQ       0x800'245b    0xa  Code  Gb  stm32f1xx_hal_cortex.o [1]
HAL_NVIC_SetPriority     0x800'2421   0x3a  Code  Gb  stm32f1xx_hal_cortex.o [1]
HAL_NVIC_SetPriorityGrouping
                         0x800'2407   0x1a  Code  Gb  stm32f1xx_hal_cortex.o [1]
HAL_RCC_ClockConfig      0x800'21dd  0x10a  Code  Gb  stm32f1xx_hal_rcc.o [1]
HAL_RCC_GetHCLKFreq      0x800'2337    0x6  Code  Gb  stm32f1xx_hal_rcc.o [1]
HAL_RCC_GetPCLK1Freq     0x800'233d   0x10  Code  Gb  stm32f1xx_hal_rcc.o [1]
HAL_RCC_GetPCLK2Freq     0x800'234d    0xe  Code  Gb  stm32f1xx_hal_rcc.o [1]
HAL_RCC_GetSysClockFreq
                         0x800'22fd   0x3a  Code  Gb  stm32f1xx_hal_rcc.o [1]
HAL_RCC_GetSysClockFreq::aPLLMULFactorTable
                         0x800'238c   0x10  Data  Lc  stm32f1xx_hal_rcc.o [1]
HAL_RCC_GetSysClockFreq::aPredivFactorTable
                         0x800'239c    0x2  Data  Lc  stm32f1xx_hal_rcc.o [1]
HAL_RCC_OscConfig        0x800'1ec5  0x310  Code  Gb  stm32f1xx_hal_rcc.o [1]
HAL_SYSTICK_CLKSourceConfig
                         0x800'2497   0x1a  Code  Gb  stm32f1xx_hal_cortex.o [1]
HAL_SYSTICK_Config       0x800'246f   0x28  Code  Gb  stm32f1xx_hal_cortex.o [1]
HAL_SYSTICK_IRQHandler   0x800'24c9    0x4  Code  Gb  stm32f1xx_hal_cortex.o [1]
HAL_TIMEx_BreakCallback
                         0x800'334f    0x2  Code  Wk  stm32f1xx_hal_tim_ex.o [1]
HAL_TIMEx_CommutationCallback
                         0x800'3353    0x2  Code  Wk  stm32f1xx_hal_tim_ex.o [1]
HAL_TIMEx_MasterConfigSynchronization
                         0x800'3301   0x4a  Code  Gb  stm32f1xx_hal_tim_ex.o [1]
HAL_TIM_Base_Init        0x800'30dd   0x1a  Code  Gb  stm32f1xx_hal_tim.o [1]
HAL_TIM_Base_MspInit     0x800'29f3   0x34  Code  Gb  stm32f1xx_hal_msp.o [1]
HAL_TIM_Base_Start_IT    0x800'30f7   0x16  Code  Gb  stm32f1xx_hal_tim.o [1]
HAL_TIM_IRQHandler       0x800'3131  0x142  Code  Gb  stm32f1xx_hal_tim.o [1]
HAL_TIM_PeriodElapsedCallback
                         0x800'2da9   0x56  Code  Gb  main.o [1]
HAL_UART_IRQHandler      0x800'2607  0x14e  Code  Gb  stm32f1xx_hal_uart.o [1]
HAL_UART_Init            0x800'24d1   0x1e  Code  Gb  stm32f1xx_hal_uart.o [1]
HAL_UART_MspInit         0x800'2a27   0x62  Code  Gb  stm32f1xx_hal_msp.o [1]
HAL_UART_Transmit        0x800'2547   0xac  Code  Gb  stm32f1xx_hal_uart.o [1]
HardFault_Handler        0x800'33b7    0x2  Code  Gb  stm32f1xx_it.o [1]
LoadInt                  0x800'02f3   0x7a  Code  Lc  xprintffull.o [2]
MX_GPIO_Init             0x800'2f73   0xc8  Code  Lc  main.o [1]
MemManage_Handler        0x800'33b9    0x2  Code  Gb  stm32f1xx_it.o [1]
NMI_Handler              0x800'33b5    0x2  Code  Gb  stm32f1xx_it.o [1]
NVIC_SetPriority         0x800'23ed   0x1a  Code  Lc  stm32f1xx_hal_cortex.o [1]
PendSV_Handler           0x800'33c3    0x2  Code  Gb  stm32f1xx_it.o [1]
Region$$Table$$Base      0x800'343c          --   Gb  - Linker created -
Region$$Table$$Limit     0x800'345c          --   Gb  - Linker created -
SVC_Handler              0x800'33bf    0x2  Code  Gb  stm32f1xx_it.o [1]
SysTick_Handler          0x800'33c5    0xe  Code  Gb  stm32f1xx_it.o [1]
SystemClock_Config       0x800'2f03   0x70  Code  Gb  main.o [1]
SystemCoreClock         0x2000'000c    0x4  Data  Gb  system_stm32f1xx.o [1]
SystemInit               0x800'3359   0x3c  Code  Gb  system_stm32f1xx.o [1]
TIM6_IRQHandler          0x800'33f7    0x6  Code  Gb  stm32f1xx_it.o [1]
TIM_Base_SetConfig       0x800'3279   0x74  Code  Gb  stm32f1xx_hal_tim.o [1]
UART_DMAAbortOnError     0x800'27d5    0xc  Code  Lc  stm32f1xx_hal_uart.o [1]
UART_EndRxTransfer       0x800'27b9   0x1c  Code  Lc  stm32f1xx_hal_uart.o [1]
UART_Receive_IT          0x800'27e1   0x92  Code  Lc  stm32f1xx_hal_uart.o [1]
UART_SetConfig           0x800'2873   0xe4  Code  Lc  stm32f1xx_hal_uart.o [1]
UART_WaitOnFlagUntilTimeout
                         0x800'2755   0x56  Code  Lc  stm32f1xx_hal_uart.o [1]
USART1_IRQHandler        0x800'33f1    0x6  Code  Gb  stm32f1xx_it.o [1]
UsageFault_Handler       0x800'33bd    0x2  Code  Gb  stm32f1xx_it.o [1]
_Encoding_8859_1_Mbrlen
                         0x800'1275    0x2  Code  Gb  xencoding_8859_1.o [2]
_Encoding_8859_1_Wctomb
                         0x800'1263   0x12  Code  Gb  xencoding_8859_1.o [2]
_GenldFull               0x800'0d85  0x274  Code  Lc  xprintffull.o [2]
_LdtobFull               0x800'0959  0x400  Code  Lc  xprintffull.o [2]
_LitobFull               0x800'0801  0x112  Code  Lc  xprintffull.o [2]
_Locale_lconv           0x2000'0010   0x38  Data  Lc  xlocale_c.o [2]
_PrintfFull              0x800'0131  0x1aa  Code  Gb  xprintffull.o [2]
_Prout                   0x800'348f   0x16  Code  Gb  xprout.o [2]
_PutcharsFull            0x800'0ff9   0x2e  Code  Lc  xprintffull.o [2]
_PutfldFull              0x800'036d  0x2d8  Code  Lc  xprintffull.o [2]
_PutstrFull              0x800'073b   0xc6  Code  Lc  xprintffull.o [2]
_PuttxtFull              0x800'0645   0xf6  Code  Lc  xprintffull.o [2]
__aeabi_cdcmple          0x800'17d1         Code  Gb  DblCmpLe.o [3]
__aeabi_cdrcmple         0x800'1801         Code  Gb  DblCmpGe.o [3]
__aeabi_d2iz             0x800'196d         Code  Gb  DblToS32.o [3]
__aeabi_d2uiz            0x800'1cf9         Code  Gb  DblToU32.o [3]
__aeabi_ddiv             0x800'1ab1         Code  Gb  DblDiv.o [3]
__aeabi_dmul             0x800'15bd         Code  Gb  DblMul.o [3]
__aeabi_dsub             0x800'19cd         Code  Gb  DblSub.o [3]
__aeabi_i2d              0x800'19a9         Code  Gb  S32ToDbl.o [3]
__aeabi_ldiv0            0x800'1d41         Code  Gb  I64DivZer.o [4]
__aeabi_memcpy           0x800'12e5         Code  Gb  ABImemcpy.o [4]
__aeabi_memcpy4          0x800'1305         Code  Gb  ABImemcpy.o [4]
__aeabi_memcpy8          0x800'1305         Code  Gb  ABImemcpy.o [4]
__aeabi_ui2d             0x800'1d21         Code  Gb  U32ToDbl.o [3]
__aeabi_uldivmod         0x800'138d         Code  Gb  I64DivMod.o [4]
__cmain                  0x800'345d         Code  Gb  cmain.o [4]
__exit                   0x800'1eb1   0x14  Code  Gb  exit.o [5]
__iar_Fail_s             0x800'11ed   0x1c  Code  Gb  xfail_s.o [2]
__iar_Mbcurmax           0x800'12d9    0xa  Code  Gb  xmbcurmax.o [2]
__iar_Memchr             0x800'1281         Code  Gb  memchr.o [4]
__iar_Stdout            0x2000'0090   0x48  Data  Gb  xfiles.o [2]
__iar_Strchr             0x800'119d         Code  Gb  strchr.o [4]
__iar_dadd               0x800'19dd         Code  Gb  DblSub.o [3]
__iar_data_init3         0x800'3415   0x28  Code  Gb  data_init.o [4]
__iar_dsub               0x800'1d45         Code  Gb  DblAdd.o [3]
__iar_dsubStart          0x800'1d57         Code  Gb  DblAdd.o [3]
__iar_frexp              0x800'176d         Code  Gb  frexp.o [3]
__iar_frexp64            0x800'1761         Code  Gb  frexp.o [3]
__iar_frexpl             0x800'176d         Code  Gb  frexp.o [3]
__iar_globLocale        0x2000'0048   0x48  Data  Lc  xlocale_c.o [2]
__iar_global_Locale      0x800'1125    0x4  Code  Gb  xlocale_c.o [2]
__iar_ldexp64            0x800'1831         Code  Gb  ldexp.o [3]
__iar_lz77_init_single3
                         0x800'10ab   0x7a  Code  Gb  lz77_init_single.o [4]
__iar_program_start      0x800'34c1         Code  Gb  cstartup_M.o [4]
__iar_scalbln64          0x800'1831         Code  Gb  ldexp.o [3]
__iar_scalbn64           0x800'1831         Code  Gb  ldexp.o [3]
__iar_zero_init3         0x800'11b3   0x3a  Code  Gb  zero_init3.o [4]
__low_level_init         0x800'347b    0x4  Code  Gb  low_level_init.o [2]
__vector_table           0x800'0000         Data  Gb  startup_stm32f103xe.o [1]
_call_main               0x800'3469         Code  Gb  cmain.o [4]
_exit                    0x800'3485         Code  Gb  cexit.o [4]
_gLocale_mblen           0x800'1189    0x4  Code  Gb  xlocale_c.o [2]
_gLocale_mblenInt        0x800'114d   0x2c  Code  Gb  xlocale_c.o [2]
_gLocale_wctomb          0x800'118d    0x4  Code  Gb  xlocale_c.o [2]
_gLocale_wctombInt       0x800'1185    0x4  Code  Gb  xlocale_c.o [2]
_main                    0x800'3477         Code  Gb  cmain.o [4]
abort                    0x800'1d3b    0x6  Code  Gb  abort.o [2]
cnt                     0x2000'01ac    0x1  Data  Gb  main.o [1]
exit                     0x800'347f    0x4  Code  Gb  exit.o [2]
flag                    0x2000'01ad    0x1  Data  Gb  main.o [1]
fputc                    0x800'2dff   0x18  Code  Gb  main.o [1]
frexp                    0x800'1761         Code  Gb  frexp.o [3]
frexpl                   0x800'1761         Code  Gb  frexp.o [3]
htim6                   0x2000'0128   0x40  Data  Gb  main.o [1]
huart1                  0x2000'0168   0x40  Data  Gb  main.o [1]
ldexp                    0x800'1831         Code  Gb  ldexp.o [3]
ldexpl                   0x800'1831         Code  Gb  ldexp.o [3]
localeconv               0x800'1191    0x4  Code  Gb  xlocale_c.o [2]
main                     0x800'2e95   0x6e  Code  Gb  main.o [1]
memchr                   0x800'1281         Code  Gb  memchr.o [4]
obuf                    0x2000'00d8   0x50  Data  Lc  xfiles.o [2]
printf                   0x800'3091   0x28  Code  Gb  printf.o [2]
putchar                  0x800'34a5    0xc  Code  Gb  putchar.o [2]
scalbln                  0x800'1831         Code  Gb  ldexp.o [3]
scalblnl                 0x800'1831         Code  Gb  ldexp.o [3]
scalbn                   0x800'1831         Code  Gb  ldexp.o [3]
scalbnl                  0x800'1831         Code  Gb  ldexp.o [3]
scale                    0x800'0913   0x46  Code  Lc  xprintffull.o [2]
sec_hand                0x2000'01a8    0x4  Data  Lc  xfail_s.o [2]
strchr                   0x800'119d         Code  Gb  strchr.o [4]
strlen                   0x800'122d         Code  Gb  strlen.o [4]
uwTick                  0x2000'0004    0x4  Data  Gb  stm32f1xx_hal.o [1]
uwTickFreq              0x2000'0000    0x1  Data  Gb  stm32f1xx_hal.o [1]
uwTickPrio              0x2000'0008    0x4  Data  Gb  stm32f1xx_hal.o [1]


[1] = D:\work\CorTex\Work_3\EWARM\Work_3\Obj
[2] = dl7M_tlf.a
[3] = m7M_tl.a
[4] = rt7M_tl.a
[5] = shb_l.a

  13 696 bytes of readonly  code memory
     126 bytes of readonly  data memory
   1 454 bytes of readwrite data memory

Errors: none
Warnings: none
