###############################################################################
#
# IAR ELF Linker V8.30.1.114/W32 for ARM                  07/Nov/2018  12:03:26
# Copyright 2007-2018 IAR Systems AB.
#
#    Output file  =  D:\work\CorTex\USART\EWARM\USART\Exe\USART.out
#    Map file     =  D:\work\CorTex\USART\EWARM\USART\List\USART.map
#    Command line =  
#        -f C:\Users\KMG\AppData\Local\Temp\EWF9F.tmp
#        (D:\work\CorTex\USART\EWARM\USART\Obj\adc.o
#        D:\work\CorTex\USART\EWARM\USART\Obj\dma.o
#        D:\work\CorTex\USART\EWARM\USART\Obj\gpio.o
#        D:\work\CorTex\USART\EWARM\USART\Obj\main.o
#        D:\work\CorTex\USART\EWARM\USART\Obj\startup_stm32f103xe.o
#        D:\work\CorTex\USART\EWARM\USART\Obj\stm32f1xx_hal.o
#        D:\work\CorTex\USART\EWARM\USART\Obj\stm32f1xx_hal_adc.o
#        D:\work\CorTex\USART\EWARM\USART\Obj\stm32f1xx_hal_adc_ex.o
#        D:\work\CorTex\USART\EWARM\USART\Obj\stm32f1xx_hal_cortex.o
#        D:\work\CorTex\USART\EWARM\USART\Obj\stm32f1xx_hal_dma.o
#        D:\work\CorTex\USART\EWARM\USART\Obj\stm32f1xx_hal_flash.o
#        D:\work\CorTex\USART\EWARM\USART\Obj\stm32f1xx_hal_flash_ex.o
#        D:\work\CorTex\USART\EWARM\USART\Obj\stm32f1xx_hal_gpio.o
#        D:\work\CorTex\USART\EWARM\USART\Obj\stm32f1xx_hal_gpio_ex.o
#        D:\work\CorTex\USART\EWARM\USART\Obj\stm32f1xx_hal_msp.o
#        D:\work\CorTex\USART\EWARM\USART\Obj\stm32f1xx_hal_pwr.o
#        D:\work\CorTex\USART\EWARM\USART\Obj\stm32f1xx_hal_rcc.o
#        D:\work\CorTex\USART\EWARM\USART\Obj\stm32f1xx_hal_rcc_ex.o
#        D:\work\CorTex\USART\EWARM\USART\Obj\stm32f1xx_hal_tim.o
#        D:\work\CorTex\USART\EWARM\USART\Obj\stm32f1xx_hal_tim_ex.o
#        D:\work\CorTex\USART\EWARM\USART\Obj\stm32f1xx_hal_uart.o
#        D:\work\CorTex\USART\EWARM\USART\Obj\stm32f1xx_it.o
#        D:\work\CorTex\USART\EWARM\USART\Obj\system_stm32f1xx.o
#        D:\work\CorTex\USART\EWARM\USART\Obj\tim.o
#        D:\work\CorTex\USART\EWARM\USART\Obj\usart.o --redirect
#        _Printf=_PrintfFull --redirect _Scanf=_ScanfFull --no_out_extension -o
#        D:\work\CorTex\USART\EWARM\USART\Exe\USART.out --map
#        D:\work\CorTex\USART\EWARM\USART\List\USART.map --config
#        D:\work\CorTex\USART\EWARM/stm32f103xe_flash.icf --semihosting --entry
#        __iar_program_start --vfe --text_out locale)
#
###############################################################################

*******************************************************************************
*** MESSAGES
***

Error[Li006]: duplicate definitions for "huart1"; in
          "D:\work\CorTex\USART\EWARM\USART\Obj\main.o", and
          "D:\work\CorTex\USART\EWARM\USART\Obj\usart.o"


*******************************************************************************
*** RUNTIME MODEL ATTRIBUTES
***

CppFlavor       = *
__SystemLibrary = DLib
__dlib_version  = 6


*******************************************************************************
*** HEAP SELECTION
***

The basic heap was selected because some modules are built with
size limitations (and not runtime checking), and --advanced_heap
was not specified.


*******************************************************************************
*** PLACEMENT SUMMARY
***

"A0":  place at 0x800'0000 { ro section .intvec };
"P1":  place in [from 0x800'0000 to 0x807'ffff] { ro };
define block CSTACK with size = 1K, alignment = 8 { };
define block HEAP with size = 512, alignment = 8 { };
"P2":  place in [from 0x2000'0000 to 0x2000'ffff] {
          rw, block CSTACK, block HEAP };
initialize by copy { rw };

  Section            Kind         Address    Size  Object
  -------            ----         -------    ----  ------
"A0":                                       0x130
  .intvec            ro code   0x800'0000   0x130  startup_stm32f103xe.o [1]
                             - 0x800'0130   0x130

"P1":                                      0x161c
  .text              ro code   0x800'0130   0x4da  stm32f1xx_hal_rcc.o [1]
  .text              ro code   0x800'060a    0x3a  zero_init3.o [3]
  .text              ro code   0x800'0644     0xc  stm32f1xx_hal.o [1]
  .text              ro code   0x800'0650    0x40  stm32f1xx_hal.o [1]
  .text              ro code   0x800'0690    0xe2  stm32f1xx_hal_cortex.o [1]
  .text              ro code   0x800'0774   0x490  stm32f1xx_hal_uart.o [1]
  .text              ro code   0x800'0c04    0x70  usart.o [1]
  .text              ro code   0x800'0c74   0x2cc  stm32f1xx_hal_dma.o [1]
  .text              ro code   0x800'0f40     0x2  stm32f1xx_hal_uart.o [1]
  .text              ro code   0x800'0f42     0x2  stm32f1xx_hal_uart.o [1]
  .text              ro code   0x800'0f44     0x2  stm32f1xx_hal_uart.o [1]
  .text              ro code   0x800'0f48   0x1f6  stm32f1xx_hal_gpio.o [1]
  .text              ro code   0x800'1140   0x148  stm32f1xx_hal_tim.o [1]
  .text              ro code   0x800'1288     0x2  stm32f1xx_hal_tim.o [1]
  .text              ro code   0x800'128a     0x2  stm32f1xx_hal_tim.o [1]
  .text              ro code   0x800'128c     0x2  stm32f1xx_hal_tim.o [1]
  .text              ro code   0x800'128e     0x2  stm32f1xx_hal_tim_ex.o [1]
  .text              ro code   0x800'1290     0x2  stm32f1xx_hal_tim.o [1]
  .text              ro code   0x800'1292     0x2  stm32f1xx_hal_tim_ex.o [1]
  .text              ro code   0x800'1294     0x2  stm32f1xx_hal_tim.o [1]
  .text              ro code   0x800'1298   0x140  main.o [1]
  .text              ro code   0x800'13d8    0x24  stm32f1xx_hal.o [1]
  .text              ro code   0x800'13fc    0x28  stm32f1xx_hal.o [1]
  .text              ro code   0x800'1424    0x9c  stm32f1xx_hal_msp.o [1]
  .text              ro code   0x800'14c0    0x5c  stm32f1xx_it.o [1]
  .text              ro code   0x800'151c    0x10  stm32f1xx_hal.o [1]
  .text              ro code   0x800'152c    0x5c  system_stm32f1xx.o [1]
  .text              ro code   0x800'1588    0x2c  copy_init3.o [3]
  .text              ro code   0x800'15b4    0x28  data_init.o [3]
  .iar.init_table    const     0x800'15dc    0x24  - Linker created -
  .text              ro code   0x800'1600    0x1e  cmain.o [3]
  .text              ro code   0x800'161e     0x4  low_level_init.o [2]
  .text              ro code   0x800'1622     0x4  exit.o [2]
  .text              ro code   0x800'1628     0xa  cexit.o [3]
  .text              ro code   0x800'1634    0x14  exit.o [4]
  .text              ro code   0x800'1648    0x10  startup_stm32f103xe.o [1]
  Initializer bytes  const     0x800'1658    0x10  <for P2-1> (used: 0x0)
  .text              ro code   0x800'1668     0xc  cstartup_M.o [3]
  .rodata            const     0x800'1674     0x8  system_stm32f1xx.o [1]
  .text              ro code   0x800'167c     0x4  startup_stm32f103xe.o [1]
  .text              ro code   0x800'1680     0x4  startup_stm32f103xe.o [1]
  .text              ro code   0x800'1684     0x4  startup_stm32f103xe.o [1]
  .text              ro code   0x800'1688     0x4  startup_stm32f103xe.o [1]
  .text              ro code   0x800'168c     0x4  startup_stm32f103xe.o [1]
  .text              ro code   0x800'1690     0x4  startup_stm32f103xe.o [1]
  .text              ro code   0x800'1694     0x4  startup_stm32f103xe.o [1]
  .text              ro code   0x800'1698     0x4  startup_stm32f103xe.o [1]
  .text              ro code   0x800'169c     0x4  startup_stm32f103xe.o [1]
  .text              ro code   0x800'16a0     0x4  startup_stm32f103xe.o [1]
  .text              ro code   0x800'16a4     0x4  startup_stm32f103xe.o [1]
  .text              ro code   0x800'16a8     0x4  startup_stm32f103xe.o [1]
  .text              ro code   0x800'16ac     0x4  startup_stm32f103xe.o [1]
  .text              ro code   0x800'16b0     0x4  startup_stm32f103xe.o [1]
  .text              ro code   0x800'16b4     0x4  startup_stm32f103xe.o [1]
  .text              ro code   0x800'16b8     0x4  startup_stm32f103xe.o [1]
  .text              ro code   0x800'16bc     0x4  startup_stm32f103xe.o [1]
  .text              ro code   0x800'16c0     0x4  startup_stm32f103xe.o [1]
  .text              ro code   0x800'16c4     0x4  startup_stm32f103xe.o [1]
  .text              ro code   0x800'16c8     0x4  startup_stm32f103xe.o [1]
  .text              ro code   0x800'16cc     0x4  startup_stm32f103xe.o [1]
  .text              ro code   0x800'16d0     0x4  startup_stm32f103xe.o [1]
  .text              ro code   0x800'16d4     0x4  startup_stm32f103xe.o [1]
  .text              ro code   0x800'16d8     0x4  startup_stm32f103xe.o [1]
  .text              ro code   0x800'16dc     0x4  startup_stm32f103xe.o [1]
  .text              ro code   0x800'16e0     0x4  startup_stm32f103xe.o [1]
  .text              ro code   0x800'16e4     0x4  startup_stm32f103xe.o [1]
  .text              ro code   0x800'16e8     0x4  startup_stm32f103xe.o [1]
  .text              ro code   0x800'16ec     0x4  startup_stm32f103xe.o [1]
  .text              ro code   0x800'16f0     0x4  startup_stm32f103xe.o [1]
  .text              ro code   0x800'16f4     0x4  startup_stm32f103xe.o [1]
  .text              ro code   0x800'16f8     0x4  startup_stm32f103xe.o [1]
  .text              ro code   0x800'16fc     0x4  startup_stm32f103xe.o [1]
  .text              ro code   0x800'1700     0x4  startup_stm32f103xe.o [1]
  .text              ro code   0x800'1704     0x4  startup_stm32f103xe.o [1]
  .text              ro code   0x800'1708     0x4  startup_stm32f103xe.o [1]
  .text              ro code   0x800'170c     0x4  startup_stm32f103xe.o [1]
  .text              ro code   0x800'1710     0x4  startup_stm32f103xe.o [1]
  .text              ro code   0x800'1714     0x4  startup_stm32f103xe.o [1]
  .text              ro code   0x800'1718     0x4  startup_stm32f103xe.o [1]
  .text              ro code   0x800'171c     0x4  startup_stm32f103xe.o [1]
  .text              ro code   0x800'1720     0x4  startup_stm32f103xe.o [1]
  .text              ro code   0x800'1724     0x4  startup_stm32f103xe.o [1]
  .text              ro code   0x800'1728     0x4  startup_stm32f103xe.o [1]
  .text              ro code   0x800'172c     0x4  startup_stm32f103xe.o [1]
  .text              ro code   0x800'1730     0x4  startup_stm32f103xe.o [1]
  .text              ro code   0x800'1734     0x4  startup_stm32f103xe.o [1]
  .text              ro code   0x800'1738     0x4  startup_stm32f103xe.o [1]
  .text              ro code   0x800'173c     0x4  startup_stm32f103xe.o [1]
  .text              ro code   0x800'1740     0x4  startup_stm32f103xe.o [1]
  .text              ro code   0x800'1744     0x4  startup_stm32f103xe.o [1]
  .text              ro code   0x800'1748     0x4  startup_stm32f103xe.o [1]
  .rodata            const     0x800'174c     0x0  zero_init3.o [3]
  .rodata            const     0x800'174c     0x0  copy_init3.o [3]
                             - 0x800'174c  0x161c

"P2", part 1 of 3:                           0x10
  P2-1                        0x2000'0000    0x10  <Init block>
    .data            inited   0x2000'0000     0xc  stm32f1xx_hal.o [1]
    .data            inited   0x2000'000c     0x4  system_stm32f1xx.o [1]
                            - 0x2000'0010    0x10

"P2", part 2 of 3:                           0xc4
  .bss               zero     0x2000'0010    0x44  adc.o [1]
  .bss               zero     0x2000'0054    0x40  main.o [1]
  .bss               zero     0x2000'0094    0x40  tim.o [1]
                            - 0x2000'00d4    0xc4

"P2", part 3 of 3:                          0x400
  CSTACK                      0x2000'00d8   0x400  <Block>
    CSTACK           uninit   0x2000'00d8   0x400  <Block tail>
                            - 0x2000'04d8   0x400

Unused ranges:

         From           To      Size
         ----           --      ----
   0x800'174c   0x807'ffff  0x7'e8b4
  0x2000'00d4  0x2000'00d7       0x4
  0x2000'04d8  0x2000'ffff    0xfb28


*******************************************************************************
*** INIT TABLE
***

          Address      Size
          -------      ----
Zero (__iar_zero_init3)
    1 destination range, total size 0xc4:
          0x2000'0010  0xc4

Copy (__iar_copy_init3)
    1 source range, total size 0x10:
           0x800'1658  0x10
    1 destination range, total size 0x10:
          0x2000'0000  0x10



*******************************************************************************
*** MODULE SUMMARY
***

    Module                  ro code  ro data  rw data
    ------                  -------  -------  -------
command line/config:
    -------------------------------------------------
    Total:

D:\work\CorTex\USART\EWARM\USART\Obj: [1]
    adc.o                                          68
    main.o                      320                64
    startup_stm32f103xe.o       528
    stm32f1xx_hal.o             168       12       12
    stm32f1xx_hal_cortex.o      226
    stm32f1xx_hal_dma.o         716
    stm32f1xx_hal_gpio.o        502
    stm32f1xx_hal_msp.o         156
    stm32f1xx_hal_rcc.o       1 242
    stm32f1xx_hal_tim.o         338
    stm32f1xx_hal_tim_ex.o        4
    stm32f1xx_hal_uart.o      1 174
    stm32f1xx_it.o               92
    system_stm32f1xx.o           92       12        4
    tim.o                                          64
    usart.o                     112
    -------------------------------------------------
    Total:                    5 670       24      212

dl7M_tlf.a: [2]
    exit.o                        4
    low_level_init.o              4
    -------------------------------------------------
    Total:                        8

rt7M_tl.a: [3]
    cexit.o                      10
    cmain.o                      30
    copy_init3.o                 44
    cstartup_M.o                 12
    data_init.o                  40
    zero_init3.o                 58
    -------------------------------------------------
    Total:                      194

shb_l.a: [4]
    exit.o                       20
    -------------------------------------------------
    Total:                       20

    Gaps                         12
    Linker created                        36    1 024
-----------------------------------------------------
    Grand Total:              5 904       60    1 236


*******************************************************************************
*** ENTRY LIST
***

Entry                       Address   Size  Type      Object
-----                       -------   ----  ----      ------
.iar.init_table$$Base    0x800'15dc          --   Gb  - Linker created -
.iar.init_table$$Limit   0x800'1600          --   Gb  - Linker created -
?main                    0x800'1601         Code  Gb  cmain.o [3]
AHBPrescTable            0x800'1578   0x10  Data  Gb  system_stm32f1xx.o [1]
APBPrescTable            0x800'1674    0x8  Data  Gb  system_stm32f1xx.o [1]
BusFault_Handler         0x800'14c7    0x2  Code  Gb  stm32f1xx_it.o [1]
CSTACK$$Base            0x2000'00d8          --   Gb  - Linker created -
CSTACK$$Limit           0x2000'04d8          --   Gb  - Linker created -
DMA1_Channel1_IRQHandler
                         0x800'14fd    0x6  Code  Gb  stm32f1xx_it.o [1]
DebugMon_Handler         0x800'14cd    0x2  Code  Gb  stm32f1xx_it.o [1]
EXTI0_IRQHandler         0x800'14df    0x6  Code  Gb  stm32f1xx_it.o [1]
EXTI1_IRQHandler         0x800'14e5    0x6  Code  Gb  stm32f1xx_it.o [1]
EXTI2_IRQHandler         0x800'14eb    0x6  Code  Gb  stm32f1xx_it.o [1]
EXTI3_IRQHandler         0x800'14f1    0x6  Code  Gb  stm32f1xx_it.o [1]
EXTI4_IRQHandler         0x800'14f7    0x6  Code  Gb  stm32f1xx_it.o [1]
HAL_DMA_Abort_IT         0x800'0c75   0xdc  Code  Gb  stm32f1xx_hal_dma.o [1]
HAL_DMA_IRQHandler       0x800'0d51  0x1bc  Code  Gb  stm32f1xx_hal_dma.o [1]
HAL_Delay                0x800'13fd   0x28  Code  Wk  stm32f1xx_hal.o [1]
HAL_GPIO_EXTI_IRQHandler
                         0x800'10eb   0x10  Code  Gb  stm32f1xx_hal_gpio.o [1]
HAL_GPIO_Init            0x800'0f49  0x196  Code  Gb  stm32f1xx_hal_gpio.o [1]
HAL_GPIO_ReadPin         0x800'10df    0xc  Code  Gb  stm32f1xx_hal_gpio.o [1]
HAL_GetTick              0x800'0645    0xc  Code  Wk  stm32f1xx_hal.o [1]
HAL_IncTick              0x800'151d   0x10  Code  Wk  stm32f1xx_hal.o [1]
HAL_Init                 0x800'13d9   0x20  Code  Gb  stm32f1xx_hal.o [1]
HAL_InitTick             0x800'0651   0x40  Code  Wk  stm32f1xx_hal.o [1]
HAL_MspInit              0x800'1425   0x9c  Code  Gb  stm32f1xx_hal_msp.o [1]
HAL_NVIC_EnableIRQ       0x800'06ff    0xa  Code  Gb  stm32f1xx_hal_cortex.o [1]
HAL_NVIC_SetPriority     0x800'06c5   0x3a  Code  Gb  stm32f1xx_hal_cortex.o [1]
HAL_NVIC_SetPriorityGrouping
                         0x800'06ab   0x1a  Code  Gb  stm32f1xx_hal_cortex.o [1]
HAL_RCC_ClockConfig      0x800'0449  0x10a  Code  Gb  stm32f1xx_hal_rcc.o [1]
HAL_RCC_GetHCLKFreq      0x800'05a3    0x6  Code  Gb  stm32f1xx_hal_rcc.o [1]
HAL_RCC_GetPCLK1Freq     0x800'05a9   0x10  Code  Gb  stm32f1xx_hal_rcc.o [1]
HAL_RCC_GetPCLK2Freq     0x800'05b9    0xe  Code  Gb  stm32f1xx_hal_rcc.o [1]
HAL_RCC_GetSysClockFreq
                         0x800'0569   0x3a  Code  Gb  stm32f1xx_hal_rcc.o [1]
HAL_RCC_GetSysClockFreq::aPLLMULFactorTable
                         0x800'05f8   0x10  Data  Lc  stm32f1xx_hal_rcc.o [1]
HAL_RCC_GetSysClockFreq::aPredivFactorTable
                         0x800'0608    0x2  Data  Lc  stm32f1xx_hal_rcc.o [1]
HAL_RCC_OscConfig        0x800'0131  0x310  Code  Gb  stm32f1xx_hal_rcc.o [1]
HAL_SYSTICK_CLKSourceConfig
                         0x800'073b   0x1a  Code  Gb  stm32f1xx_hal_cortex.o [1]
HAL_SYSTICK_Config       0x800'0713   0x28  Code  Gb  stm32f1xx_hal_cortex.o [1]
HAL_SYSTICK_IRQHandler   0x800'076d    0x4  Code  Gb  stm32f1xx_hal_cortex.o [1]
HAL_TIMEx_BreakCallback
                         0x800'128f    0x2  Code  Wk  stm32f1xx_hal_tim_ex.o [1]
HAL_TIMEx_CommutationCallback
                         0x800'1293    0x2  Code  Wk  stm32f1xx_hal_tim_ex.o [1]
HAL_TIM_IRQHandler       0x800'1141  0x142  Code  Gb  stm32f1xx_hal_tim.o [1]
HAL_UART_IRQHandler      0x800'08ab  0x14e  Code  Gb  stm32f1xx_hal_uart.o [1]
HAL_UART_Init            0x800'0775   0x1e  Code  Gb  stm32f1xx_hal_uart.o [1]
HAL_UART_MspInit         0x800'0c05   0x62  Code  Gb  usart.o [1]
HAL_UART_Transmit        0x800'07eb   0xac  Code  Gb  stm32f1xx_hal_uart.o [1]
HardFault_Handler        0x800'14c3    0x2  Code  Gb  stm32f1xx_it.o [1]
MemManage_Handler        0x800'14c5    0x2  Code  Gb  stm32f1xx_it.o [1]
NMI_Handler              0x800'14c1    0x2  Code  Gb  stm32f1xx_it.o [1]
NVIC_SetPriority         0x800'0691   0x1a  Code  Lc  stm32f1xx_hal_cortex.o [1]
PendSV_Handler           0x800'14cf    0x2  Code  Gb  stm32f1xx_it.o [1]
Region$$Table$$Base      0x800'15dc          --   Gb  - Linker created -
Region$$Table$$Limit     0x800'1600          --   Gb  - Linker created -
SVC_Handler              0x800'14cb    0x2  Code  Gb  stm32f1xx_it.o [1]
SysTick_Handler          0x800'14d1    0xe  Code  Gb  stm32f1xx_it.o [1]
SystemClock_Config       0x800'1371   0x68  Code  Gb  main.o [1]
SystemCoreClock         0x2000'000c    0x4  Data  Gb  system_stm32f1xx.o [1]
SystemInit               0x800'152d   0x3c  Code  Gb  system_stm32f1xx.o [1]
TIM6_IRQHandler          0x800'1509    0x6  Code  Gb  stm32f1xx_it.o [1]
UART_DMAAbortOnError     0x800'0a79    0xc  Code  Lc  stm32f1xx_hal_uart.o [1]
UART_EndRxTransfer       0x800'0a5d   0x1c  Code  Lc  stm32f1xx_hal_uart.o [1]
UART_Receive_IT          0x800'0a85   0x92  Code  Lc  stm32f1xx_hal_uart.o [1]
UART_SetConfig           0x800'0b17   0xe4  Code  Lc  stm32f1xx_hal_uart.o [1]
UART_WaitOnFlagUntilTimeout
                         0x800'09f9   0x56  Code  Lc  stm32f1xx_hal_uart.o [1]
USART1_IRQHandler        0x800'1503    0x6  Code  Gb  stm32f1xx_it.o [1]
UsageFault_Handler       0x800'14c9    0x2  Code  Gb  stm32f1xx_it.o [1]
__cmain                  0x800'1601         Code  Gb  cmain.o [3]
__exit                   0x800'1635   0x14  Code  Gb  exit.o [4]
__iar_copy_init3         0x800'1589   0x2c  Code  Gb  copy_init3.o [3]
__iar_data_init3         0x800'15b5   0x28  Code  Gb  data_init.o [3]
__iar_program_start      0x800'1669         Code  Gb  cstartup_M.o [3]
__iar_zero_init3         0x800'060b   0x3a  Code  Gb  zero_init3.o [3]
__low_level_init         0x800'161f    0x4  Code  Gb  low_level_init.o [2]
__vector_table           0x800'0000         Data  Gb  startup_stm32f103xe.o [1]
_call_main               0x800'160d         Code  Gb  cmain.o [3]
_exit                    0x800'1629         Code  Gb  cexit.o [3]
_main                    0x800'161b         Code  Gb  cmain.o [3]
exit                     0x800'1623    0x4  Code  Gb  exit.o [2]
hdma_adc1               0x2000'0010   0x44  Data  Gb  adc.o [1]
htim6                   0x2000'0094   0x40  Data  Gb  tim.o [1]
huart1                  0x2000'0054   0x40  Data  Gb  main.o [1]
main                     0x800'1299   0xbc  Code  Gb  main.o [1]
uwTick                  0x2000'0004    0x4  Data  Gb  stm32f1xx_hal.o [1]
uwTickFreq              0x2000'0000    0x1  Data  Gb  stm32f1xx_hal.o [1]
uwTickPrio              0x2000'0008    0x4  Data  Gb  stm32f1xx_hal.o [1]


[1] = D:\work\CorTex\USART\EWARM\USART\Obj
[2] = dl7M_tlf.a
[3] = rt7M_tl.a
[4] = shb_l.a

  5 904 bytes of readonly  code memory
     60 bytes of readonly  data memory
  1 236 bytes of readwrite data memory

Errors: 1
Warnings: none
